Archive member included to satisfy reference by file (symbol)

/home/arduino/ArduinoApps/blink-led-corrected/.cache/sketch/core/core.a(abi.cpp.o)
                              /home/arduino/ArduinoApps/blink-led-corrected/.cache/sketch/sketch/sketch.ino.cpp.o (std::__throw_length_error(char const*))
/home/arduino/ArduinoApps/blink-led-corrected/.cache/sketch/core/core.a(Stream.cpp.o)
                              /home/arduino/ArduinoApps/blink-led-corrected/.cache/sketch/sketch/sketch.ino.cpp.o (arduino::Stream::setTimeout(unsigned long))
/home/arduino/ArduinoApps/blink-led-corrected/.cache/sketch/core/core.a(String.cpp.o)
                              /home/arduino/ArduinoApps/blink-led-corrected/.cache/sketch/sketch/sketch.ino.cpp.o (arduino::String::String(arduino::String&&))
/home/arduino/ArduinoApps/blink-led-corrected/.cache/sketch/core/core.a(itoa.cpp.o)
                              /home/arduino/ArduinoApps/blink-led-corrected/.cache/sketch/core/core.a(String.cpp.o) (dtostrf)
/home/arduino/ArduinoApps/blink-led-corrected/.cache/sketch/core/core.a(main.cpp.o)
                              (main)
/home/arduino/ArduinoApps/blink-led-corrected/.cache/sketch/core/core.a(new.cpp.o)
                              /home/arduino/ArduinoApps/blink-led-corrected/.cache/sketch/sketch/sketch.ino.cpp.o (operator new(unsigned int))
/home/arduino/ArduinoApps/blink-led-corrected/.cache/sketch/core/core.a(threads.cpp.o)
                              /home/arduino/ArduinoApps/blink-led-corrected/.cache/sketch/core/core.a(main.cpp.o) (start_static_threads())
/home/arduino/ArduinoApps/blink-led-corrected/.cache/sketch/core/core.a(zephyrCommon.cpp.o)
                              /home/arduino/ArduinoApps/blink-led-corrected/.cache/sketch/sketch/sketch.ino.cpp.o (pinMode)
/home/arduino/ArduinoApps/blink-led-corrected/.cache/sketch/core/core.a(zephyrSerial.cpp.o)
                              /home/arduino/ArduinoApps/blink-led-corrected/.cache/sketch/sketch/sketch.ino.cpp.o (Serial1)
/home/arduino/ArduinoApps/blink-led-corrected/.cache/sketch/core/core.a(Common.cpp.o)
                              /home/arduino/ArduinoApps/blink-led-corrected/.cache/sketch/core/core.a(zephyrCommon.cpp.o) (map(long, long, long, long, long))

Discarded input sections

 .group         0x0000000000000000        0x8 /home/arduino/ArduinoApps/blink-led-corrected/.cache/sketch/sketch/sketch.ino.cpp.o
 .group         0x0000000000000000        0x8 /home/arduino/ArduinoApps/blink-led-corrected/.cache/sketch/sketch/sketch.ino.cpp.o
 .group         0x0000000000000000        0x8 /home/arduino/ArduinoApps/blink-led-corrected/.cache/sketch/sketch/sketch.ino.cpp.o
 .group         0x0000000000000000        0x8 /home/arduino/ArduinoApps/blink-led-corrected/.cache/sketch/sketch/sketch.ino.cpp.o
 .group         0x0000000000000000       0x10 /home/arduino/ArduinoApps/blink-led-corrected/.cache/sketch/sketch/sketch.ino.cpp.o
 .group         0x0000000000000000        0x8 /home/arduino/ArduinoApps/blink-led-corrected/.cache/sketch/sketch/sketch.ino.cpp.o
 .group         0x0000000000000000       0x24 /home/arduino/ArduinoApps/blink-led-corrected/.cache/sketch/sketch/sketch.ino.cpp.o
 .group         0x0000000000000000        0xc /home/arduino/ArduinoApps/blink-led-corrected/.cache/sketch/sketch/sketch.ino.cpp.o
 .group         0x0000000000000000        0xc /home/arduino/ArduinoApps/blink-led-corrected/.cache/sketch/sketch/sketch.ino.cpp.o
 .group         0x0000000000000000        0xc /home/arduino/ArduinoApps/blink-led-corrected/.cache/sketch/sketch/sketch.ino.cpp.o
 .group         0x0000000000000000        0x8 /home/arduino/ArduinoApps/blink-led-corrected/.cache/sketch/sketch/sketch.ino.cpp.o
 .group         0x0000000000000000        0xc /home/arduino/ArduinoApps/blink-led-corrected/.cache/sketch/sketch/sketch.ino.cpp.o
 .group         0x0000000000000000        0xc /home/arduino/ArduinoApps/blink-led-corrected/.cache/sketch/sketch/sketch.ino.cpp.o
 .group         0x0000000000000000        0x8 /home/arduino/ArduinoApps/blink-led-corrected/.cache/sketch/sketch/sketch.ino.cpp.o
 .group         0x0000000000000000       0x14 /home/arduino/ArduinoApps/blink-led-corrected/.cache/sketch/sketch/sketch.ino.cpp.o
 .group         0x0000000000000000        0x8 /home/arduino/ArduinoApps/blink-led-corrected/.cache/sketch/sketch/sketch.ino.cpp.o
 .group         0x0000000000000000        0x8 /home/arduino/ArduinoApps/blink-led-corrected/.cache/sketch/sketch/sketch.ino.cpp.o
 .group         0x0000000000000000        0x8 /home/arduino/ArduinoApps/blink-led-corrected/.cache/sketch/sketch/sketch.ino.cpp.o
 .group         0x0000000000000000        0xc /home/arduino/ArduinoApps/blink-led-corrected/.cache/sketch/sketch/sketch.ino.cpp.o
 .group         0x0000000000000000        0x8 /home/arduino/ArduinoApps/blink-led-corrected/.cache/sketch/sketch/sketch.ino.cpp.o
[...]
Memory Configuration

Name             Origin             Length             Attributes
*default*        0x0000000000000000 0xffffffffffffffff

Linker script and memory map

LOAD /home/arduino/.arduino15/packages/zephyr/tools/arm-zephyr-eabi/0.16.8/bin/../lib/gcc/../../picolibc/arm-zephyr-eabi/lib/thumb/v8-m.main+fp/hard/libstdc++.a
LOAD /home/arduino/.arduino15/packages/zephyr/tools/arm-zephyr-eabi/0.16.8/bin/../lib/gcc/../../picolibc/arm-zephyr-eabi/lib/thumb/v8-m.main+fp/hard/libsupc++.a
LOAD /home/arduino/.arduino15/packages/zephyr/tools/arm-zephyr-eabi/0.16.8/bin/../lib/gcc/arm-zephyr-eabi/12.2.0/../../../../arm-zephyr-eabi/lib/thumb/v8-m.main+fp/hard/libnosys.a
LOAD /home/arduino/ArduinoApps/blink-led-corrected/.cache/sketch/sketch/sketch.ino.cpp.o
LOAD /home/arduino/ArduinoApps/blink-led-corrected/.cache/sketch/core/analogReference.cpp.o
START GROUP
LOAD /home/arduino/ArduinoApps/blink-led-corrected/.cache/sketch/core/core.a
LOAD /home/arduino/.arduino15/packages/zephyr/tools/arm-zephyr-eabi/0.16.8/bin/../lib/gcc/../../picolibc/arm-zephyr-eabi/lib/thumb/v8-m.main+fp/hard/libstdc++.a
LOAD /home/arduino/.arduino15/packages/zephyr/tools/arm-zephyr-eabi/0.16.8/bin/../lib/gcc/../../picolibc/arm-zephyr-eabi/lib/thumb/v8-m.main+fp/hard/libsupc++.a
END GROUP

/DISCARD/
 *(.ARM.attributes)
 *(.ARM.attributes.*)
 *(.ARM.exidx)
 *(.ARM.exidx.*)
 *(.ARM.extidx)
 *(.ARM.extidx.*)
 *(.ARM.extab)
 *(.ARM.extab.*)
 *(.comment)
 *(.comment.*)
 *(.llvmbc)
 *(.llvmcmd)
 *(.eh_frame)
 *stdexcept.o()
 *eh_*.o()
 *cow-stdexcept.o()
 *functexcept.o()
 *cow-string-inst.o()

.text           0x0000000000000000     0x46f4
 *(.text)
 *(.stub)
 *(.text*)
 .text._ZN7arduino5Print17availableForWriteEv
                0x0000000000000000        0x4 /home/arduino/ArduinoApps/blink-led-corrected/.cache/sketch/sketch/sketch.ino.cpp.o
                0x0000000000000000                arduino::Print::availableForWrite()
 .text._ZN7arduino5Print5flushEv
                0x0000000000000004        0x2 /home/arduino/ArduinoApps/blink-led-corrected/.cache/sketch/sketch/sketch.ino.cpp.o
                0x0000000000000004                arduino::Print::flush()
 .text._ZN15SerialTransport9availableEv
                0x0000000000000006       0x12 /home/arduino/ArduinoApps/blink-led-corrected/.cache/sketch/sketch/sketch.ino.cpp.o
                0x0000000000000006                SerialTransport::available()
 .text._ZN15SerialTransport5writeEPKhj
                0x0000000000000018       0x10 /home/arduino/ArduinoApps/blink-led-corrected/.cache/sketch/sketch/sketch.ino.cpp.o
                0x0000000000000018                SerialTransport::write(unsigned char const*, unsigned int)
 .text._ZN15SerialTransportD2Ev
                0x0000000000000028        0x2 /home/arduino/ArduinoApps/blink-led-corrected/.cache/sketch/sketch/sketch.ino.cpp.o
                0x0000000000000028                SerialTransport::~SerialTransport()
                0x0000000000000028                SerialTransport::~SerialTransport()
 .text._ZN13BridgeMonitorILj512EE5writeEh
                0x000000000000002a       0x18 /home/arduino/ArduinoApps/blink-led-corrected/.cache/sketch/sketch/sketch.ino.cpp.o
                0x000000000000002a                BridgeMonitor<512u>::write(unsigned char)
 *fill*         0x0000000000000042        0x2 
 .text.k_yield  0x0000000000000044        0x8 /home/arduino/ArduinoApps/blink-led-corrected/.cache/sketch/sketch/sketch.ino.cpp.o
 .text.__tcf_1  0x000000000000004c       0x10 /home/arduino/ArduinoApps/blink-led-corrected/.cache/sketch/sketch/sketch.ino.cpp.o
 .text._ZN15SerialTransportD0Ev
                0x000000000000005c       0x14 /home/arduino/ArduinoApps/blink-led-corrected/.cache/sketch/sketch/sketch.ino.cpp.o
                0x000000000000005c                SerialTransport::~SerialTransport()
 .text._ZN15SerialTransport4readEPhj
                0x0000000000000070       0x28 /home/arduino/ArduinoApps/blink-led-corrected/.cache/sketch/sketch/sketch.ino.cpp.o
                0x0000000000000070                SerialTransport::read(unsigned char*, unsigned int)
 .text._ZN15SerialTransport9read_byteERh
                0x0000000000000098       0x20 /home/arduino/ArduinoApps/blink-led-corrected/.cache/sketch/sketch/sketch.ino.cpp.o
                0x0000000000000098                SerialTransport::read_byte(unsigned char&)
 .text.k_mutex_lock
                0x00000000000000b8        0x8 /home/arduino/ArduinoApps/blink-led-corrected/.cache/sketch/sketch/sketch.ino.cpp.o
 .text._Z13set_led_stateb
                0x00000000000000c0       0x28 /home/arduino/ArduinoApps/blink-led-corrected/.cache/sketch/sketch/sketch.ino.cpp.o
                0x00000000000000c0                set_led_state(bool)
 .text._ZNSt17_Function_handlerIFvbEPS0_E10_M_managerERSt9_Any_dataRKS3_St18_Manager_operation
                0x00000000000000e8       0x30 /home/arduino/ArduinoApps/blink-led-corrected/.cache/sketch/sketch/sketch.ino.cpp.o
                0x00000000000000e8                std::_Function_handler<void (bool), void (*)(bool)>::_M_manager(std::_Any_data&, std::_Any_data const&, std::_Manager_operation)
 .text._ZNSt17_Function_handlerIFvbEPS0_E9_M_invokeERKSt9_Any_dataOb
                0x0000000000000118        0x6 /home/arduino/ArduinoApps/blink-led-corrected/.cache/sketch/sketch/sketch.ino.cpp.o
                0x0000000000000118                std::_Function_handler<void (bool), void (*)(bool)>::_M_invoke(std::_Any_data const&, bool&&)
 *fill*         0x000000000000011e        0x2 
 .text._ZSt14__relocate_a_1IhhENSt9enable_ifIXsrSt24__is_bitwise_relocatableIT_vE5valueEPS2_E4typeES4_S4_S4_RSaIT0_E.isra.0
                0x0000000000000120       0x20 /home/arduino/ArduinoApps/blink-led-corrected/.cache/sketch/sketch/sketch.ino.cpp.o
 .text._ZNSt12_Vector_baseIhSaIhEE11_M_allocateEj.isra.0
                0x0000000000000140       0x20 /home/arduino/ArduinoApps/blink-led-corrected/.cache/sketch/sketch/sketch.ino.cpp.o
 .text.k_mutex_unlock.isra.0
                0x0000000000000160        0x8 /home/arduino/ArduinoApps/blink-led-corrected/.cache/sketch/sketch/sketch.ino.cpp.o
 .text._ZN13BridgeMonitorILj512EE4readEv
                0x0000000000000168       0x64 /home/arduino/ArduinoApps/blink-led-corrected/.cache/sketch/sketch/sketch.ino.cpp.o
                0x0000000000000168                BridgeMonitor<512u>::read()
 .text._ZN13BridgeMonitorILj512EE4peekEv
                0x00000000000001cc       0x44 /home/arduino/ArduinoApps/blink-led-corrected/.cache/sketch/sketch/sketch.ino.cpp.o
                0x00000000000001cc                BridgeMonitor<512u>::peek()
 .text.k_msleep.constprop.0.isra.0
                0x0000000000000210        0xc /home/arduino/ArduinoApps/blink-led-corrected/.cache/sketch/sketch/sketch.ino.cpp.o
 .text._ZNSt14_Function_baseD2Ev
                0x000000000000021c       0x12 /home/arduino/ArduinoApps/blink-led-corrected/.cache/sketch/sketch/sketch.ino.cpp.o
                0x000000000000021c                std::_Function_base::~_Function_base()
                0x000000000000021c                std::_Function_base::~_Function_base()
 *fill*         0x000000000000022e        0x2 
 .text._ZN18RpcFunctionWrapperISt8functionIFvbEEED2Ev
                0x0000000000000230       0x1c /home/arduino/ArduinoApps/blink-led-corrected/.cache/sketch/sketch/sketch.ino.cpp.o
                0x0000000000000230                RpcFunctionWrapper<std::function<void (bool)> >::~RpcFunctionWrapper()
                0x0000000000000230                RpcFunctionWrapper<std::function<void (bool)> >::~RpcFunctionWrapper()
 .text._ZN18RpcFunctionWrapperISt8functionIFvbEEED0Ev
                0x000000000000024c       0x1c /home/arduino/ArduinoApps/blink-led-corrected/.cache/sketch/sketch/sketch.ino.cpp.o
                0x000000000000024c                RpcFunctionWrapper<std::function<void (bool)> >::~RpcFunctionWrapper()
 .text._ZN7arduino7msgpack8Unpacker11deserializeEv
                0x0000000000000268       0x16 /home/arduino/ArduinoApps/blink-led-corrected/.cache/sketch/sketch/sketch.ino.cpp.o
                0x0000000000000268                arduino::msgpack::Unpacker::deserialize()
 .text._ZN7arduino7msgpack8Unpacker5clearEv
                0x000000000000027e       0x14 /home/arduino/ArduinoApps/blink-led-corrected/.cache/sketch/sketch/sketch.ino.cpp.o
                0x000000000000027e                arduino::msgpack::Unpacker::clear()
 .text._ZNK7arduino7msgpack8Unpacker13getRawBytePtrEjj
                0x0000000000000292       0x1e /home/arduino/ArduinoApps/blink-led-corrected/.cache/sketch/sketch/sketch.ino.cpp.o
                0x0000000000000292                arduino::msgpack::Unpacker::getRawBytePtr(unsigned int, unsigned int) const
 .text._ZN8RpcErrorC2Ev
                0x00000000000002b0       0x2c /home/arduino/ArduinoApps/blink-led-corrected/.cache/sketch/sketch/sketch.ino.cpp.o
                0x00000000000002b0                RpcError::RpcError()
                0x00000000000002b0                RpcError::RpcError()
 .text._ZN7arduino7msgpack8UnpackerC2Ev
                0x00000000000002dc       0x10 /home/arduino/ArduinoApps/blink-led-corrected/.cache/sketch/sketch/sketch.ino.cpp.o
                0x00000000000002dc                arduino::msgpack::Unpacker::Unpacker()
                0x00000000000002dc                arduino::msgpack::Unpacker::Unpacker()
 .text._ZN10RPCRequestILj256EEC2Ev
                0x00000000000002ec       0x4c /home/arduino/ArduinoApps/blink-led-corrected/.cache/sketch/sketch/sketch.ino.cpp.o
                0x00000000000002ec                RPCRequest<256u>::RPCRequest()
                0x00000000000002ec                RPCRequest<256u>::RPCRequest()
 .text.loop     0x0000000000000338        0x2 /home/arduino/ArduinoApps/blink-led-corrected/.cache/sketch/sketch/sketch.ino.cpp.o
                0x0000000000000338                loop
 *fill*         0x000000000000033a        0x2 
 .text._ZNSt12_Vector_baseIhSaIhEED2Ev
                0x000000000000033c       0x18 /home/arduino/ArduinoApps/blink-led-corrected/.cache/sketch/sketch/sketch.ino.cpp.o
                0x000000000000033c                std::_Vector_base<unsigned char, std::allocator<unsigned char> >::~_Vector_base()
                0x000000000000033c                std::_Vector_base<unsigned char, std::allocator<unsigned char> >::~_Vector_base()
 .text.__tcf_3  0x0000000000000354       0x14 /home/arduino/ArduinoApps/blink-led-corrected/.cache/sketch/sketch/sketch.ino.cpp.o
 .text.__tcf_2  0x0000000000000368       0x14 /home/arduino/ArduinoApps/blink-led-corrected/.cache/sketch/sketch/sketch.ino.cpp.o
 .text._ZNSt6vectorIhSaIhEE14_M_move_assignEOS1_St17integral_constantIbLb1EE.isra.0
                0x000000000000037c       0x34 /home/arduino/ArduinoApps/blink-led-corrected/.cache/sketch/sketch/sketch.ino.cpp.o
 .text._ZNK7arduino7msgpack8Unpacker11getRawBytesIhEET_jj
                0x00000000000003b0       0x1e /home/arduino/ArduinoApps/blink-led-corrected/.cache/sketch/sketch/sketch.ino.cpp.o
                0x00000000000003b0                unsigned char arduino::msgpack::Unpacker::getRawBytes<unsigned char>(unsigned int, unsigned int) const
 *fill*         0x00000000000003ce        0x2 
 .text._ZNK7arduino7msgpack8Unpacker7getTypeEj
                0x00000000000003d0       0x58 /home/arduino/ArduinoApps/blink-led-corrected/.cache/sketch/sketch/sketch.ino.cpp.o
                0x00000000000003d0                arduino::msgpack::Unpacker::getType(unsigned int) const
 .text._ZNK7arduino7msgpack8Unpacker7getTypeEv
                0x0000000000000428       0x10 /home/arduino/ArduinoApps/blink-led-corrected/.cache/sketch/sketch/sketch.ino.cpp.o
                0x0000000000000428                arduino::msgpack::Unpacker::getType() const
 .text._ZN7arduino7msgpack8Unpacker11unpackInt32Ev
                0x0000000000000438       0x58 /home/arduino/ArduinoApps/blink-led-corrected/.cache/sketch/sketch/sketch.ino.cpp.o
                0x0000000000000438                arduino::msgpack::Unpacker::unpackInt32()
 .text._ZN7arduino7msgpack8Unpacker11unpackInt64Ev
                0x0000000000000490       0x60 /home/arduino/ArduinoApps/blink-led-corrected/.cache/sketch/sketch/sketch.ino.cpp.o
                0x0000000000000490                arduino::msgpack::Unpacker::unpackInt64()
 .text._ZN7arduino7msgpack8Unpacker9unpackNilEv
                0x00000000000004f0       0x3c /home/arduino/ArduinoApps/blink-led-corrected/.cache/sketch/sketch/sketch.ino.cpp.o
                0x00000000000004f0                arduino::msgpack::Unpacker::unpackNil()
 .text._ZNK7arduino7msgpack8Unpacker7isArrayEv
                0x000000000000052c       0x20 /home/arduino/ArduinoApps/blink-led-corrected/.cache/sketch/sketch/sketch.ino.cpp.o
                0x000000000000052c                arduino::msgpack::Unpacker::isArray() const
 .text._ZNK7arduino7msgpack8Unpacker5isMapEv
                0x000000000000054c       0x20 /home/arduino/ArduinoApps/blink-led-corrected/.cache/sketch/sketch/sketch.ino.cpp.o
                0x000000000000054c                arduino::msgpack::Unpacker::isMap() const
 .text._ZNK7arduino7msgpack8Unpacker5isIntEv
                0x000000000000056c       0x20 /home/arduino/ArduinoApps/blink-led-corrected/.cache/sketch/sketch/sketch.ino.cpp.o
                0x000000000000056c                arduino::msgpack::Unpacker::isInt() const
 .text._ZNK7arduino7msgpack8Unpacker6isUIntEv
                0x000000000000058c       0x20 /home/arduino/ArduinoApps/blink-led-corrected/.cache/sketch/sketch/sketch.ino.cpp.o
                0x000000000000058c                arduino::msgpack::Unpacker::isUInt() const
 .text._ZN7arduino7msgpack8Unpacker11unpackInt16Ev
                0x00000000000005ac       0x4c /home/arduino/ArduinoApps/blink-led-corrected/.cache/sketch/sketch/sketch.ino.cpp.o
                0x00000000000005ac                arduino::msgpack::Unpacker::unpackInt16()
 .text._ZN7arduino7msgpack8Unpacker13unpackFloat32Ev
                0x00000000000005f8       0x60 /home/arduino/ArduinoApps/blink-led-corrected/.cache/sketch/sketch/sketch.ino.cpp.o
                0x00000000000005f8                arduino::msgpack::Unpacker::unpackFloat32()
 .text._ZN7arduino7msgpack8Unpacker13unpackFloat64Ev
                0x0000000000000658       0x6c /home/arduino/ArduinoApps/blink-led-corrected/.cache/sketch/sketch/sketch.ino.cpp.o
                0x0000000000000658                arduino::msgpack::Unpacker::unpackFloat64()
 .text._ZN7arduino7msgpack8Unpacker10unpackInt5Ev
                0x00000000000006c4       0x4c /home/arduino/ArduinoApps/blink-led-corrected/.cache/sketch/sketch/sketch.ino.cpp.o
                0x00000000000006c4                arduino::msgpack::Unpacker::unpackInt5()
 .text._ZN7arduino7msgpack8Unpacker11unpackUInt7Ev
                0x0000000000000710       0x48 /home/arduino/ArduinoApps/blink-led-corrected/.cache/sketch/sketch/sketch.ino.cpp.o
                0x0000000000000710                arduino::msgpack::Unpacker::unpackUInt7()
 .text._ZN7arduino7msgpack8Unpacker11unpackUInt8Ev
                0x0000000000000758       0x48 /home/arduino/ArduinoApps/blink-led-corrected/.cache/sketch/sketch/sketch.ino.cpp.o
                0x0000000000000758                arduino::msgpack::Unpacker::unpackUInt8()
 .text._ZNK7arduino7msgpack8Unpacker11getRawBytesItEET_jj
                0x00000000000007a0       0x26 /home/arduino/ArduinoApps/blink-led-corrected/.cache/sketch/sketch/sketch.ino.cpp.o
                0x00000000000007a0                unsigned short arduino::msgpack::Unpacker::getRawBytes<unsigned short>(unsigned int, unsigned int) const
 *fill*         0x00000000000007c6        0x2 
 .text._ZN7arduino7msgpack8Unpacker12unpackUInt16Ev
                0x00000000000007c8       0x48 /home/arduino/ArduinoApps/blink-led-corrected/.cache/sketch/sketch/sketch.ino.cpp.o
                0x00000000000007c8                arduino::msgpack::Unpacker::unpackUInt16()
 .text._ZNK7arduino7msgpack8Unpacker11getRawBytesIjEET_jj
                0x0000000000000810       0x34 /home/arduino/ArduinoApps/blink-led-corrected/.cache/sketch/sketch/sketch.ino.cpp.o
                0x0000000000000810                unsigned int arduino::msgpack::Unpacker::getRawBytes<unsigned int>(unsigned int, unsigned int) const
 .text._ZNK7arduino7msgpack8Unpacker14getElementSizeEj
                0x0000000000000844      0x11c /home/arduino/ArduinoApps/blink-led-corrected/.cache/sketch/sketch/sketch.ino.cpp.o
                0x0000000000000844                arduino::msgpack::Unpacker::getElementSize(unsigned int) const
 .text._ZN7arduino7msgpack8Unpacker15unpackArraySizeEv
                0x0000000000000960       0x78 /home/arduino/ArduinoApps/blink-led-corrected/.cache/sketch/sketch/sketch.ino.cpp.o
                0x0000000000000960                arduino::msgpack::Unpacker::unpackArraySize()
 .text._ZN7arduino7msgpack8Unpacker11deserializeINS0_4type9ArraySizeEJEEEbRT_DpOT0_.isra.0
                0x00000000000009d8       0x40 /home/arduino/ArduinoApps/blink-led-corrected/.cache/sketch/sketch/sketch.ino.cpp.o
 .text._ZN7arduino7msgpack8Unpacker12unpackUInt32Ev
                0x0000000000000a18       0x48 /home/arduino/ArduinoApps/blink-led-corrected/.cache/sketch/sketch/sketch.ino.cpp.o
                0x0000000000000a18                arduino::msgpack::Unpacker::unpackUInt32()
 .text._ZN7arduino7msgpack8Unpacker13unpackMapSizeEv
                0x0000000000000a60       0x78 /home/arduino/ArduinoApps/blink-led-corrected/.cache/sketch/sketch/sketch.ino.cpp.o
                0x0000000000000a60                arduino::msgpack::Unpacker::unpackMapSize()
 .text._ZNK7arduino7msgpack8Unpacker11getRawBytesIyEET_jj
                0x0000000000000ad8       0x3a /home/arduino/ArduinoApps/blink-led-corrected/.cache/sketch/sketch/sketch.ino.cpp.o
                0x0000000000000ad8                unsigned long long arduino::msgpack::Unpacker::getRawBytes<unsigned long long>(unsigned int, unsigned int) const
 *fill*         0x0000000000000b12        0x2 
 .text._ZN7arduino7msgpack8Unpacker12unpackUInt64Ev
                0x0000000000000b14       0x4c /home/arduino/ArduinoApps/blink-led-corrected/.cache/sketch/sketch/sketch.ino.cpp.o
                0x0000000000000b14                arduino::msgpack::Unpacker::unpackUInt64()
 .text._ZNK7arduino7msgpack8Unpacker11getRawBytesIaEET_jj
                0x0000000000000b60       0x1e /home/arduino/ArduinoApps/blink-led-corrected/.cache/sketch/sketch/sketch.ino.cpp.o
                0x0000000000000b60                signed char arduino::msgpack::Unpacker::getRawBytes<signed char>(unsigned int, unsigned int) const
 *fill*         0x0000000000000b7e        0x2 
 .text._ZN7arduino7msgpack8Unpacker10unpackInt8Ev
                0x0000000000000b80       0x48 /home/arduino/ArduinoApps/blink-led-corrected/.cache/sketch/sketch/sketch.ino.cpp.o
                0x0000000000000b80                arduino::msgpack::Unpacker::unpackInt8()
 .text._ZNK7arduino7msgpack8Unpacker13isTimestamp32Ev
                0x0000000000000bc8       0x2c /home/arduino/ArduinoApps/blink-led-corrected/.cache/sketch/sketch/sketch.ino.cpp.o
                0x0000000000000bc8                arduino::msgpack::Unpacker::isTimestamp32() const
 .text._ZNK7arduino7msgpack8Unpacker13isTimestamp64Ev
                0x0000000000000bf4       0x2c /home/arduino/ArduinoApps/blink-led-corrected/.cache/sketch/sketch/sketch.ino.cpp.o
                0x0000000000000bf4                arduino::msgpack::Unpacker::isTimestamp64() const
 .text._ZNK7arduino7msgpack8Unpacker13isTimestamp96Ev
                0x0000000000000c20       0x40 /home/arduino/ArduinoApps/blink-led-corrected/.cache/sketch/sketch/sketch.ino.cpp.o
                0x0000000000000c20                arduino::msgpack::Unpacker::isTimestamp96() const
 .text._ZNK7arduino7msgpack8Unpacker11getRawBytesIcEET_jj
                0x0000000000000c60       0x1e /home/arduino/ArduinoApps/blink-led-corrected/.cache/sketch/sketch/sketch.ino.cpp.o
                0x0000000000000c60                char arduino::msgpack::Unpacker::getRawBytes<char>(unsigned int, unsigned int) const
 *fill*         0x0000000000000c7e        0x2 
 .text._ZN7arduino7msgpack8Unpacker11deserializeINS0_6object5nil_tEJEEEbRT_DpOT0_
                0x0000000000000c80       0x40 /home/arduino/ArduinoApps/blink-led-corrected/.cache/sketch/sketch/sketch.ino.cpp.o
                0x0000000000000c80                bool arduino::msgpack::Unpacker::deserialize<arduino::msgpack::object::nil_t>(arduino::msgpack::object::nil_t&)
 .text._ZN7arduino7msgpack8Unpacker11deserializeIbJEEEbRT_DpOT0_
                0x0000000000000cc0       0x68 /home/arduino/ArduinoApps/blink-led-corrected/.cache/sketch/sketch/sketch.ino.cpp.o
                0x0000000000000cc0                bool arduino::msgpack::Unpacker::deserialize<bool>(bool&)
 .text._ZN7arduino7msgpack8Unpacker11deserializeINS_6StringEJEEEbRT_DpOT0_
                0x0000000000000d28      0x174 /home/arduino/ArduinoApps/blink-led-corrected/.cache/sketch/sketch/sketch.ino.cpp.o
                0x0000000000000d28                bool arduino::msgpack::Unpacker::deserialize<arduino::String>(arduino::String&)
 .text._ZN7arduino7msgpack8Unpacker11deserializeINS0_6object8timespecEJEEEbRT_DpOT0_
                0x0000000000000e9c       0xc4 /home/arduino/ArduinoApps/blink-led-corrected/.cache/sketch/sketch/sketch.ino.cpp.o
                0x0000000000000e9c                bool arduino::msgpack::Unpacker::deserialize<arduino::msgpack::object::timespec>(arduino::msgpack::object::timespec&)
 .text._ZN17RpcDecoderManagerILj3EE10getDecoderER10ITransport
                0x0000000000000f60       0x74 /home/arduino/ArduinoApps/blink-led-corrected/.cache/sketch/sketch/sketch.ino.cpp.o
                0x0000000000000f60                RpcDecoderManager<3u>::getDecoder(ITransport&)
 .text._ZNSt12_Vector_baseIjSaIjEED2Ev
                0x0000000000000fd4       0x18 /home/arduino/ArduinoApps/blink-led-corrected/.cache/sketch/sketch/sketch.ino.cpp.o
                0x0000000000000fd4                std::_Vector_base<unsigned int, std::allocator<unsigned int> >::~_Vector_base()
                0x0000000000000fd4                std::_Vector_base<unsigned int, std::allocator<unsigned int> >::~_Vector_base()
 .text._ZN10RPCRequestILj256EED2Ev
                0x0000000000000fec       0x2c /home/arduino/ArduinoApps/blink-led-corrected/.cache/sketch/sketch/sketch.ino.cpp.o
                0x0000000000000fec                RPCRequest<256u>::~RPCRequest()
                0x0000000000000fec                RPCRequest<256u>::~RPCRequest()
 .text._ZNSt6vectorIjSaIjEE17_M_realloc_insertIJRjEEEvN9__gnu_cxx17__normal_iteratorIPjS1_EEDpOT_
                0x0000000000001018       0xdc /home/arduino/ArduinoApps/blink-led-corrected/.cache/sketch/sketch/sketch.ino.cpp.o
                0x0000000000001018                void std::vector<unsigned int, std::allocator<unsigned int> >::_M_realloc_insert<unsigned int&>(__gnu_cxx::__normal_iterator<unsigned int*, std::vector<unsigned int, std::allocator<unsigned int> > >, unsigned int&)
 .text._ZN7arduino7msgpack8Unpacker4feedEPKhj
                0x00000000000010f4       0x78 /home/arduino/ArduinoApps/blink-led-corrected/.cache/sketch/sketch/sketch.ino.cpp.o
                0x00000000000010f4                arduino::msgpack::Unpacker::feed(unsigned char const*, unsigned int)
 .text._ZNKSt6vectorIhSaIhEE12_M_check_lenEjPKc
                0x000000000000116c       0x38 /home/arduino/ArduinoApps/blink-led-corrected/.cache/sketch/sketch/sketch.ino.cpp.o
                0x000000000000116c                std::vector<unsigned char, std::allocator<unsigned char> >::_M_check_len(unsigned int, char const*) const
 .text._ZNSt6vectorIhSaIhEE12emplace_backIJRKhEEERhDpOT_.isra.0
                0x00000000000011a4       0x90 /home/arduino/ArduinoApps/blink-led-corrected/.cache/sketch/sketch/sketch.ino.cpp.o
 .text._ZNSt6vectorIhSaIhEE12emplace_backIJhEEERhDpOT_.isra.0
                0x0000000000001234       0x90 /home/arduino/ArduinoApps/blink-led-corrected/.cache/sketch/sketch/sketch.ino.cpp.o
 .text._ZN7arduino7msgpack8Unpacker11deserializeISt6vectorIhSaIhEEJEEEbRT_DpOT0_
                0x00000000000012c4      0x13c /home/arduino/ArduinoApps/blink-led-corrected/.cache/sketch/sketch/sketch.ino.cpp.o
                0x00000000000012c4                bool arduino::msgpack::Unpacker::deserialize<std::vector<unsigned char, std::allocator<unsigned char> >>(std::vector<unsigned char, std::allocator<unsigned char> >&)
 .text._ZN7arduino7msgpack6Packer11packRawByteERKNS0_4TypeE.isra.0
                0x0000000000001400       0x18 /home/arduino/ArduinoApps/blink-led-corrected/.cache/sketch/sketch/sketch.ino.cpp.o
 .text._ZN7arduino7msgpack6Packer7packNilEv
                0x0000000000001418       0x18 /home/arduino/ArduinoApps/blink-led-corrected/.cache/sketch/sketch/sketch.ino.cpp.o
                0x0000000000001418                arduino::msgpack::Packer::packNil()
 .text._ZN7arduino7msgpack6Packer9packUInt8Eh
                0x0000000000001430       0x2c /home/arduino/ArduinoApps/blink-led-corrected/.cache/sketch/sketch/sketch.ino.cpp.o
                0x0000000000001430                arduino::msgpack::Packer::packUInt8(unsigned char)
 .text._ZNSt6vectorIhSaIhEE12emplace_backIJRhEEES3_DpOT_.isra.0
                0x000000000000145c       0x90 /home/arduino/ArduinoApps/blink-led-corrected/.cache/sketch/sketch/sketch.ino.cpp.o
 .text._ZN7arduino7msgpack6Packer15packRawReversedIjEEvRKT_
                0x00000000000014ec       0x1c /home/arduino/ArduinoApps/blink-led-corrected/.cache/sketch/sketch/sketch.ino.cpp.o
                0x00000000000014ec                void arduino::msgpack::Packer::packRawReversed<unsigned int>(unsigned int const&)
 .text._ZN7arduino7msgpack6Packer10packUInt32Ej
                0x0000000000001508       0x28 /home/arduino/ArduinoApps/blink-led-corrected/.cache/sketch/sketch/sketch.ino.cpp.o
                0x0000000000001508                arduino::msgpack::Packer::packUInt32(unsigned int)
 .text._ZN7arduino7msgpack6Packer15packRawReversedItEEvRKT_
                0x0000000000001530       0x1c /home/arduino/ArduinoApps/blink-led-corrected/.cache/sketch/sketch/sketch.ino.cpp.o
                0x0000000000001530                void arduino::msgpack::Packer::packRawReversed<unsigned short>(unsigned short const&)
 .text._ZN7arduino7msgpack6Packer13packArraySizeEj
                0x000000000000154c       0x58 /home/arduino/ArduinoApps/blink-led-corrected/.cache/sketch/sketch/sketch.ino.cpp.o
                0x000000000000154c                arduino::msgpack::Packer::packArraySize(unsigned int)
 .text._ZN7arduino7msgpack6Packer10packUInt16Et
                0x00000000000015a4       0x2c /home/arduino/ArduinoApps/blink-led-corrected/.cache/sketch/sketch/sketch.ino.cpp.o
                0x00000000000015a4                arduino::msgpack::Packer::packUInt16(unsigned short)
 .text._ZN7arduino7msgpack6Packer11packIntegerIjEENSt9enable_ifIXaaaaaasrSt13is_arithmeticIT_E5valuesrSt11is_integralIS5_E5valuentsrSt7is_sameIS5_bE5valuentsrS9_INSt9remove_cvIS5_E4typeEPcE5valueEvE4typeERKS5_.isra.0
                0x00000000000015d0       0x50 /home/arduino/ArduinoApps/blink-led-corrected/.cache/sketch/sketch/sketch.ino.cpp.o
 .text._ZN7arduino7msgpack6Packer11packIntegerIiEENSt9enable_ifIXaaaaaasrSt13is_arithmeticIT_E5valuesrSt11is_integralIS5_E5valuentsrSt7is_sameIS5_bE5valuentsrS9_INSt9remove_cvIS5_E4typeEPcE5valueEvE4typeERKS5_.isra.0
                0x0000000000001620       0xb8 /home/arduino/ArduinoApps/blink-led-corrected/.cache/sketch/sketch/sketch.ino.cpp.o
 .text._ZN7arduino7msgpack6Packer12packRawBytesEPKcj
                0x00000000000016d8       0x9c /home/arduino/ArduinoApps/blink-led-corrected/.cache/sketch/sketch/sketch.ino.cpp.o
                0x00000000000016d8                arduino::msgpack::Packer::packRawBytes(char const*, unsigned int)
 .text._ZN7arduino7msgpack6Packer4packERKNS_6StringE
                0x0000000000001774       0x7c /home/arduino/ArduinoApps/blink-led-corrected/.cache/sketch/sketch/sketch.ino.cpp.o
                0x0000000000001774                arduino::msgpack::Packer::pack(arduino::String const&)
 .text._ZN7arduino7msgpack6Packer9serializeIJRKiRjRKNS_6StringEEEEvRKNS0_4type9ArraySizeEDpOT_.isra.0
                0x00000000000017f0       0x38 /home/arduino/ArduinoApps/blink-led-corrected/.cache/sketch/sketch/sketch.ino.cpp.o
 .text._ZN7arduino7msgpack6Packer9serializeI8RpcErrorJRNS0_6object5nil_tEEEENSt9enable_ifIXoooontsrSt10is_pointerIT_E5valuesrSt7is_sameIS9_PKcE5valuesrSB_IS9_PKNS_19__FlashStringHelperEE5valueEvE4typeERKS9_DpOT0_.isra.0
                0x0000000000001828       0x38 /home/arduino/ArduinoApps/blink-led-corrected/.cache/sketch/sketch/sketch.ino.cpp.o
 .text._ZN18RpcFunctionWrapperISt8functionIFvbEEEclERN7arduino7msgpack8UnpackerERNS5_6PackerE
                0x0000000000001860      0x12c /home/arduino/ArduinoApps/blink-led-corrected/.cache/sketch/sketch/sketch.ino.cpp.o
                0x0000000000001860                RpcFunctionWrapper<std::function<void (bool)> >::operator()(arduino::msgpack::Unpacker&, arduino::msgpack::Packer&)
 .text._ZN7arduino7msgpack8Unpacker9unpackIntIiEENSt9enable_ifIXaaaaaaaasrSt13is_arithmeticIT_E5valuesrSt11is_integralIS5_E5valuentsrSt7is_sameIS5_bE5valuentsrS9_INSt9remove_cvIS5_E4typeEPcE5valuesrSt9is_signedIS5_E5valueES5_E4typeEv
                0x000000000000198c       0xd0 /home/arduino/ArduinoApps/blink-led-corrected/.cache/sketch/sketch/sketch.ino.cpp.o
                0x000000000000198c                std::enable_if<(((std::is_arithmetic<int>::value&&std::is_integral<int>::value)&&(!std::is_same<int, bool>::value))&&(!std::is_same<std::remove_cv<int>::type, char*>::value))&&std::is_signed<int>::value, int>::type arduino::msgpack::Unpacker::unpackInt<int>()
 .text._ZN7arduino7msgpack8Unpacker11deserializeIiJEEEbRT_DpOT0_
                0x0000000000001a5c       0x40 /home/arduino/ArduinoApps/blink-led-corrected/.cache/sketch/sketch/sketch.ino.cpp.o
                0x0000000000001a5c                bool arduino::msgpack::Unpacker::deserialize<int>(int&)
 .text._ZN7arduino7msgpack8Unpacker11unpackFloatIfEENSt9enable_ifIXaasrSt13is_arithmeticIT_E5valuesrSt17is_floating_pointIS5_E5valueES5_E4typeEv
                0x0000000000001a9c      0x118 /home/arduino/ArduinoApps/blink-led-corrected/.cache/sketch/sketch/sketch.ino.cpp.o
                0x0000000000001a9c                std::enable_if<std::is_arithmetic<float>::value&&std::is_floating_point<float>::value, float>::type arduino::msgpack::Unpacker::unpackFloat<float>()
 *fill*         0x0000000000001bb4        0x4 
 .text._ZN7arduino7msgpack8Unpacker11unpackFloatIdEENSt9enable_ifIXaasrSt13is_arithmeticIT_E5valuesrSt17is_floating_pointIS5_E5valueES5_E4typeEv
                0x0000000000001bb8      0x118 /home/arduino/ArduinoApps/blink-led-corrected/.cache/sketch/sketch/sketch.ino.cpp.o
                0x0000000000001bb8                std::enable_if<std::is_arithmetic<double>::value&&std::is_floating_point<double>::value, double>::type arduino::msgpack::Unpacker::unpackFloat<double>()
 .text._ZN7arduino7msgpack8Unpacker11deserializeINS0_4type9ArraySizeEJRiEEEbRT_DpOT0_
                0x0000000000001cd0       0x44 /home/arduino/ArduinoApps/blink-led-corrected/.cache/sketch/sketch/sketch.ino.cpp.o
                0x0000000000001cd0                bool arduino::msgpack::Unpacker::deserialize<arduino::msgpack::type::ArraySize, int&>(arduino::msgpack::type::ArraySize&, int&)
 .text._ZNK10RpcDecoderILj1024EE4sendEPKhj
                0x0000000000001d14       0x22 /home/arduino/ArduinoApps/blink-led-corrected/.cache/sketch/sketch/sketch.ino.cpp.o
                0x0000000000001d14                RpcDecoder<1024u>::send(unsigned char const*, unsigned int) const
 *fill*         0x0000000000001d36        0x2 
 .text._ZN9RPCClient8send_rpcIJRKN7arduino6StringEEEEbS4_RjDpOT_.isra.0
                0x0000000000001d38       0x84 /home/arduino/ArduinoApps/blink-led-corrected/.cache/sketch/sketch/sketch.ino.cpp.o
 .text._ZN9RPCClient8send_rpcIJEEEbRKN7arduino6StringERjDpOT_.isra.0
                0x0000000000001dbc       0x74 /home/arduino/ArduinoApps/blink-led-corrected/.cache/sketch/sketch/sketch.ino.cpp.o
 .text._ZN9RPCClient8send_rpcIJRKjEEEbRKN7arduino6StringERjDpOT_.isra.0
                0x0000000000001e30       0x84 /home/arduino/ArduinoApps/blink-led-corrected/.cache/sketch/sketch/sketch.ino.cpp.o
 .text._ZNK9RPCServer13send_responseILj256EEEbRK10RPCRequestIXT_EE.isra.0
                0x0000000000001eb4       0x24 /home/arduino/ArduinoApps/blink-led-corrected/.cache/sketch/sketch/sketch.ino.cpp.o
 .text._ZN10RpcDecoderILj1024EE7consumeEjj
                0x0000000000001ed8       0x36 /home/arduino/ArduinoApps/blink-led-corrected/.cache/sketch/sketch/sketch.ino.cpp.o
                0x0000000000001ed8                RpcDecoder<1024u>::consume(unsigned int, unsigned int)
 *fill*         0x0000000000001f0e        0x2 
 .text._ZN10RpcDecoderILj1024EE7discardEv
                0x0000000000001f10       0x2c /home/arduino/ArduinoApps/blink-led-corrected/.cache/sketch/sketch/sketch.ino.cpp.o
                0x0000000000001f10                RpcDecoder<1024u>::discard()
 .text._ZN7arduino7msgpack8Unpacker11deserializeI8RpcErrorJRNS0_6object5nil_tEEEEbRT_DpOT0_
                0x0000000000001f3c       0x90 /home/arduino/ArduinoApps/blink-led-corrected/.cache/sketch/sketch/sketch.ino.cpp.o
                0x0000000000001f3c                bool arduino::msgpack::Unpacker::deserialize<RpcError, arduino::msgpack::object::nil_t&>(RpcError&, arduino::msgpack::object::nil_t&)
 .text._Z4wrapIRFvbESt8functionIS0_EEP18RpcFunctionWrapperIT0_EOT_
                0x0000000000001fcc       0x6c /home/arduino/ArduinoApps/blink-led-corrected/.cache/sketch/sketch/sketch.ino.cpp.o
                0x0000000000001fcc                RpcFunctionWrapper<std::function<void (bool)> >* wrap<void (&)(bool), std::function<void (bool)> >(void (&)(bool))
 .text._ZN7arduino7msgpack8Unpacker10unpackUIntIjEENSt9enable_ifIXaaaaaaaasrSt13is_arithmeticIT_E5valuesrSt11is_integralIS5_E5valuentsrSt7is_sameIS5_bE5valuentsrS9_INSt9remove_cvIS5_E4typeEPcE5valuentsrSt9is_signedIS5_E5valueES5_E4typeEv
                0x0000000000002038       0x80 /home/arduino/ArduinoApps/blink-led-corrected/.cache/sketch/sketch/sketch.ino.cpp.o
                0x0000000000002038                std::enable_if<(((std::is_arithmetic<unsigned int>::value&&std::is_integral<unsigned int>::value)&&(!std::is_same<unsigned int, bool>::value))&&(!std::is_same<std::remove_cv<unsigned int>::type, char*>::value))&&(!std::is_signed<unsigned int>::value), unsigned int>::type arduino::msgpack::Unpacker::unpackUInt<unsigned int>()
 .text._ZN7arduino7msgpack8Unpacker11deserializeIjJRNS_6StringEEEEbRT_DpOT0_
                0x00000000000020b8       0x44 /home/arduino/ArduinoApps/blink-led-corrected/.cache/sketch/sketch/sketch.ino.cpp.o
                0x00000000000020b8                bool arduino::msgpack::Unpacker::deserialize<unsigned int, arduino::String&>(unsigned int&, arduino::String&)
 .text._ZN10RpcDecoderILj1024EE16fetch_rpc_methodEv
                0x00000000000020fc       0xe8 /home/arduino/ArduinoApps/blink-led-corrected/.cache/sketch/sketch/sketch.ino.cpp.o
                0x00000000000020fc                RpcDecoder<1024u>::fetch_rpc_method()
 .text._ZN10RPCRequestILj256EE22unpack_request_headersEv
                0x00000000000021e4       0xb8 /home/arduino/ArduinoApps/blink-led-corrected/.cache/sketch/sketch/sketch.ino.cpp.o
                0x00000000000021e4                RPCRequest<256u>::unpack_request_headers()
 .text._ZN9RPCServer15process_requestILj256EEEvR10RPCRequestIXT_EE
                0x000000000000229c      0x114 /home/arduino/ArduinoApps/blink-led-corrected/.cache/sketch/sketch/sketch.ino.cpp.o
                0x000000000000229c                void RPCServer::process_request<256u>(RPCRequest<256u>&)
 .text._ZN7arduino7msgpack8Unpacker11deserializeIjJEEEbRT_DpOT0_
                0x00000000000023b0       0x40 /home/arduino/ArduinoApps/blink-led-corrected/.cache/sketch/sketch/sketch.ino.cpp.o
                0x00000000000023b0                bool arduino::msgpack::Unpacker::deserialize<unsigned int>(unsigned int&)
 .text._ZN7arduino7msgpack8Unpacker11deserializeINS0_4type9ArraySizeEJRiRjEEEbRT_DpOT0_
                0x00000000000023f0       0x78 /home/arduino/ArduinoApps/blink-led-corrected/.cache/sketch/sketch/sketch.ino.cpp.o
                0x00000000000023f0                bool arduino::msgpack::Unpacker::deserialize<arduino::msgpack::type::ArraySize, int&, unsigned int&>(arduino::msgpack::type::ArraySize&, int&, unsigned int&)
 .text._ZN10RpcDecoderILj1024EE12get_responseIN7arduino7msgpack6object5nil_tEEEbjRT_R8RpcError
                0x0000000000002468      0x168 /home/arduino/ArduinoApps/blink-led-corrected/.cache/sketch/sketch/sketch.ino.cpp.o
                0x0000000000002468                bool RpcDecoder<1024u>::get_response<arduino::msgpack::object::nil_t>(unsigned int, arduino::msgpack::object::nil_t&, RpcError&)
 .text._ZN10RpcDecoderILj1024EE12get_responseIbEEbjRT_R8RpcError
                0x00000000000025d0      0x168 /home/arduino/ArduinoApps/blink-led-corrected/.cache/sketch/sketch/sketch.ino.cpp.o
                0x00000000000025d0                bool RpcDecoder<1024u>::get_response<bool>(unsigned int, bool&, RpcError&)
 .text._ZNSt11__copy_moveILb0ELb1ESt26random_access_iterator_tagE8__copy_mIhEEPT_PKS3_S6_S4_
                0x0000000000002738       0x1c /home/arduino/ArduinoApps/blink-led-corrected/.cache/sketch/sketch/sketch.ino.cpp.o
                0x0000000000002738                unsigned char* std::__copy_move<false, true, std::random_access_iterator_tag>::__copy_m<unsigned char>(unsigned char const*, unsigned char const*, unsigned char*)
 .text._ZNSt11__copy_moveILb1ELb1ESt26random_access_iterator_tagE8__copy_mIhEEPT_PKS3_S6_S4_
                0x0000000000002754       0x1c /home/arduino/ArduinoApps/blink-led-corrected/.cache/sketch/sketch/sketch.ino.cpp.o
                0x0000000000002754                unsigned char* std::__copy_move<true, true, std::random_access_iterator_tag>::__copy_m<unsigned char>(unsigned char const*, unsigned char const*, unsigned char*)
 .text._ZN7arduino7msgpack6object3extC2EaPKhj
                0x0000000000002770      0x104 /home/arduino/ArduinoApps/blink-led-corrected/.cache/sketch/sketch/sketch.ino.cpp.o
                0x0000000000002770                arduino::msgpack::object::ext::ext(signed char, unsigned char const*, unsigned int)
                0x0000000000002770                arduino::msgpack::object::ext::ext(signed char, unsigned char const*, unsigned int)
 .text._ZN7arduino7msgpack8Unpacker9unpackExtEv
                0x0000000000002874      0x178 /home/arduino/ArduinoApps/blink-led-corrected/.cache/sketch/sketch/sketch.ino.cpp.o
                0x0000000000002874                arduino::msgpack::Unpacker::unpackExt()
 .text._ZN8RpcUtils6detail12unpackObjectERN7arduino7msgpack8UnpackerE
                0x00000000000029ec      0x294 /home/arduino/ArduinoApps/blink-led-corrected/.cache/sketch/sketch/sketch.ino.cpp.o
                0x00000000000029ec                RpcUtils::detail::unpackObject(arduino::msgpack::Unpacker&)
 .text._ZN10RpcDecoderILj1024EE12parse_packetEv
                0x0000000000002c80       0xf8 /home/arduino/ArduinoApps/blink-led-corrected/.cache/sketch/sketch/sketch.ino.cpp.o
                0x0000000000002c80                RpcDecoder<1024u>::parse_packet()
 .text._ZN10RpcDecoderILj1024EE6decodeEv
                0x0000000000002d78       0x40 /home/arduino/ArduinoApps/blink-led-corrected/.cache/sketch/sketch/sketch.ino.cpp.o
                0x0000000000002d78                RpcDecoder<1024u>::decode()
 .text._ZN9RPCServer7get_rpcILj256EEEbR10RPCRequestIXT_EEN7arduino6StringE
                0x0000000000002db8       0xc4 /home/arduino/ArduinoApps/blink-led-corrected/.cache/sketch/sketch/sketch.ino.cpp.o
                0x0000000000002db8                bool RPCServer::get_rpc<256u>(RPCRequest<256u>&, arduino::String)
 .text._ZN11BridgeClass11update_safeEv
                0x0000000000002e7c       0xb0 /home/arduino/ArduinoApps/blink-led-corrected/.cache/sketch/sketch/sketch.ino.cpp.o
                0x0000000000002e7c                BridgeClass::update_safe()
 .text._Z10__loopHookv
                0x0000000000002f2c       0x20 /home/arduino/ArduinoApps/blink-led-corrected/.cache/sketch/sketch/sketch.ino.cpp.o
                0x0000000000002f2c                __loopHook()
 .text._ZN11BridgeClass6updateEv
                0x0000000000002f4c       0xb0 /home/arduino/ArduinoApps/blink-led-corrected/.cache/sketch/sketch/sketch.ino.cpp.o
                0x0000000000002f4c                BridgeClass::update()
 .text._Z16updateEntryPointPvS_S_
                0x0000000000002ffc       0x24 /home/arduino/ArduinoApps/blink-led-corrected/.cache/sketch/sketch/sketch.ino.cpp.o
                0x0000000000002ffc                updateEntryPoint(void*, void*, void*)
 .text._ZN9RPCClient12get_responseIN7arduino7msgpack6object5nil_tEEEbjRT_R8RpcError
                0x0000000000003020       0x40 /home/arduino/ArduinoApps/blink-led-corrected/.cache/sketch/sketch/sketch.ino.cpp.o
                0x0000000000003020                bool RPCClient::get_response<arduino::msgpack::object::nil_t>(unsigned int, arduino::msgpack::object::nil_t&, RpcError&)
 .text._ZN9RPCClient12get_responseIbEEbjRT_R8RpcError
                0x0000000000003060       0x40 /home/arduino/ArduinoApps/blink-led-corrected/.cache/sketch/sketch/sketch.ino.cpp.o
                0x0000000000003060                bool RPCClient::get_response<bool>(unsigned int, bool&, RpcError&)
 .text._ZN9RpcResultIJRKN7arduino6StringEEE6resultIbEEbRT_
                0x00000000000030a0       0x90 /home/arduino/ArduinoApps/blink-led-corrected/.cache/sketch/sketch/sketch.ino.cpp.o
                0x00000000000030a0                bool RpcResult<arduino::String const&>::result<bool>(bool&)
 .text.setup    0x0000000000003130      0x408 /home/arduino/ArduinoApps/blink-led-corrected/.cache/sketch/sketch/sketch.ino.cpp.o
                0x0000000000003130                setup
 .text._ZN8RpcUtils6detail9unpackMapERN7arduino7msgpack8UnpackerERj
                0x0000000000003538       0x80 /home/arduino/ArduinoApps/blink-led-corrected/.cache/sketch/sketch/sketch.ino.cpp.o
                0x0000000000003538                RpcUtils::detail::unpackMap(arduino::msgpack::Unpacker&, unsigned int&)
 .text._ZN10RpcDecoderILj1024EE12get_responseIjEEbjRT_R8RpcError
                0x00000000000035b8      0x168 /home/arduino/ArduinoApps/blink-led-corrected/.cache/sketch/sketch/sketch.ino.cpp.o
                0x00000000000035b8                bool RpcDecoder<1024u>::get_response<unsigned int>(unsigned int, unsigned int&, RpcError&)
 .text._ZN9RpcResultIJRN7arduino6StringEEE6resultIjEEbRT_
                0x0000000000003720       0xbc /home/arduino/ArduinoApps/blink-led-corrected/.cache/sketch/sketch/sketch.ino.cpp.o
                0x0000000000003720                bool RpcResult<arduino::String&>::result<unsigned int>(unsigned int&)
 .text._ZN13BridgeMonitorILj512EE5writeEPKhj
                0x00000000000037dc      0x128 /home/arduino/ArduinoApps/blink-led-corrected/.cache/sketch/sketch/sketch.ino.cpp.o
                0x00000000000037dc                BridgeMonitor<512u>::write(unsigned char const*, unsigned int)
 .text._ZN10RpcDecoderILj1024EE12get_responseISt6vectorIhSaIhEEEEbjRT_R8RpcError
                0x0000000000003904      0x168 /home/arduino/ArduinoApps/blink-led-corrected/.cache/sketch/sketch/sketch.ino.cpp.o
                0x0000000000003904                bool RpcDecoder<1024u>::get_response<std::vector<unsigned char, std::allocator<unsigned char> > >(unsigned int, std::vector<unsigned char, std::allocator<unsigned char> >&, RpcError&)
 .text._ZN9RpcResultIJRjEE6resultISt6vectorIhSaIhEEEEbRT_
                0x0000000000003a6c       0xbc /home/arduino/ArduinoApps/blink-led-corrected/.cache/sketch/sketch/sketch.ino.cpp.o
                0x0000000000003a6c                bool RpcResult<unsigned int&>::result<std::vector<unsigned char, std::allocator<unsigned char> > >(std::vector<unsigned char, std::allocator<unsigned char> >&)
 .text._ZN13BridgeMonitorILj512EE5_readEj
                0x0000000000003b28      0x15c /home/arduino/ArduinoApps/blink-led-corrected/.cache/sketch/sketch/sketch.ino.cpp.o
                0x0000000000003b28                BridgeMonitor<512u>::_read(unsigned int)
 .text._ZN13BridgeMonitorILj512EE9availableEv
                0x0000000000003c84       0x44 /home/arduino/ArduinoApps/blink-led-corrected/.cache/sketch/sketch/sketch.ino.cpp.o
                0x0000000000003c84                BridgeMonitor<512u>::available()
 .text._GLOBAL__sub_I_Bridge
                0x0000000000003cc8       0xc4 /home/arduino/ArduinoApps/blink-led-corrected/.cache/sketch/sketch/sketch.ino.cpp.o
 .text._GLOBAL__sub_D_Bridge
                0x0000000000003d8c       0x20 /home/arduino/ArduinoApps/blink-led-corrected/.cache/sketch/sketch/sketch.ino.cpp.o
 .text._ZSt20__throw_length_errorPKc
                0x0000000000003dac        0x2 /home/arduino/ArduinoApps/blink-led-corrected/.cache/sketch/core/core.a(abi.cpp.o)
                0x0000000000003dac                std::__throw_length_error(char const*)
 .text._ZSt17__throw_bad_allocv
                0x0000000000003dae        0x2 /home/arduino/ArduinoApps/blink-led-corrected/.cache/sketch/core/core.a(abi.cpp.o)
                0x0000000000003dae                std::__throw_bad_alloc()
 .text._ZSt25__throw_bad_function_callv
                0x0000000000003db0        0x2 /home/arduino/ArduinoApps/blink-led-corrected/.cache/sketch/core/core.a(abi.cpp.o)
                0x0000000000003db0                std::__throw_bad_function_call()
 .text.atexit   0x0000000000003db2        0x4 /home/arduino/ArduinoApps/blink-led-corrected/.cache/sketch/core/core.a(abi.cpp.o)
                0x0000000000003db2                atexit
 .text.strcmp   0x0000000000003db6       0x16 /home/arduino/ArduinoApps/blink-led-corrected/.cache/sketch/core/core.a(abi.cpp.o)
                0x0000000000003db6                strcmp
 .text._ZN7arduino6Stream9timedReadEv
                0x0000000000003dcc       0x2c /home/arduino/ArduinoApps/blink-led-corrected/.cache/sketch/core/core.a(Stream.cpp.o)
                0x0000000000003dcc                arduino::Stream::timedRead()
 .text._ZN7arduino6Stream10setTimeoutEm
                0x0000000000003df8        0x4 /home/arduino/ArduinoApps/blink-led-corrected/.cache/sketch/core/core.a(Stream.cpp.o)
                0x0000000000003df8                arduino::Stream::setTimeout(unsigned long)
 .text._ZN7arduino6Stream9readBytesEPcj
                0x0000000000003dfc       0x2c /home/arduino/ArduinoApps/blink-led-corrected/.cache/sketch/core/core.a(Stream.cpp.o)
                0x0000000000003dfc                arduino::Stream::readBytes(char*, unsigned int)
 .text._ZN7arduino6StringC2EOS0_
                0x0000000000003e28       0x16 /home/arduino/ArduinoApps/blink-led-corrected/.cache/sketch/core/core.a(String.cpp.o)
                0x0000000000003e28                arduino::String::String(arduino::String&&)
                0x0000000000003e28                arduino::String::String(arduino::String&&)
 *fill*         0x0000000000003e3e        0x2 
 .text._ZN7arduino6StringD2Ev
                0x0000000000003e40       0x14 /home/arduino/ArduinoApps/blink-led-corrected/.cache/sketch/core/core.a(String.cpp.o)
                0x0000000000003e40                arduino::String::~String()
                0x0000000000003e40                arduino::String::~String()
 .text._ZN7arduino6String10invalidateEv
                0x0000000000003e54       0x1c /home/arduino/ArduinoApps/blink-led-corrected/.cache/sketch/core/core.a(String.cpp.o)
                0x0000000000003e54                arduino::String::invalidate()
 .text._ZN7arduino6String12changeBufferEj
                0x0000000000003e70       0x1c /home/arduino/ArduinoApps/blink-led-corrected/.cache/sketch/core/core.a(String.cpp.o)
                0x0000000000003e70                arduino::String::changeBuffer(unsigned int)
 .text._ZN7arduino6String7reserveEj
                0x0000000000003e8c       0x28 /home/arduino/ArduinoApps/blink-led-corrected/.cache/sketch/core/core.a(String.cpp.o)
                0x0000000000003e8c                arduino::String::reserve(unsigned int)
 .text._ZN7arduino6String4copyEPKcj
                0x0000000000003eb4       0x3c /home/arduino/ArduinoApps/blink-led-corrected/.cache/sketch/core/core.a(String.cpp.o)
                0x0000000000003eb4                arduino::String::copy(char const*, unsigned int)
 .text._ZN7arduino6StringC2EPKc
                0x0000000000003ef0       0x2c /home/arduino/ArduinoApps/blink-led-corrected/.cache/sketch/core/core.a(String.cpp.o)
                0x0000000000003ef0                arduino::String::String(char const*)
                0x0000000000003ef0                arduino::String::String(char const*)
 .text._ZN7arduino6String4moveERS0_
                0x0000000000003f1c       0x2c /home/arduino/ArduinoApps/blink-led-corrected/.cache/sketch/core/core.a(String.cpp.o)
                0x0000000000003f1c                arduino::String::move(arduino::String&)
 .text._ZN7arduino6StringaSERKS0_
                0x0000000000003f48       0x28 /home/arduino/ArduinoApps/blink-led-corrected/.cache/sketch/core/core.a(String.cpp.o)
                0x0000000000003f48                arduino::String::operator=(arduino::String const&)
 .text._ZN7arduino6StringC2ERKS0_
                0x0000000000003f70       0x18 /home/arduino/ArduinoApps/blink-led-corrected/.cache/sketch/core/core.a(String.cpp.o)
                0x0000000000003f70                arduino::String::String(arduino::String const&)
                0x0000000000003f70                arduino::String::String(arduino::String const&)
 .text._ZN7arduino6StringaSEOS0_
                0x0000000000003f88       0x10 /home/arduino/ArduinoApps/blink-led-corrected/.cache/sketch/core/core.a(String.cpp.o)
                0x0000000000003f88                arduino::String::operator=(arduino::String&&)
 .text._ZN7arduino6StringaSEPKc
                0x0000000000003f98       0x30 /home/arduino/ArduinoApps/blink-led-corrected/.cache/sketch/core/core.a(String.cpp.o)
                0x0000000000003f98                arduino::String::operator=(char const*)
 .text._ZN7arduino6StringC2Eih
                0x0000000000003fc8       0x2c /home/arduino/ArduinoApps/blink-led-corrected/.cache/sketch/core/core.a(String.cpp.o)
                0x0000000000003fc8                arduino::String::String(int, unsigned char)
                0x0000000000003fc8                arduino::String::String(int, unsigned char)
 .text._ZN7arduino6String6concatEPKcj
                0x0000000000003ff4       0x40 /home/arduino/ArduinoApps/blink-led-corrected/.cache/sketch/core/core.a(String.cpp.o)
                0x0000000000003ff4                arduino::String::concat(char const*, unsigned int)
 .text._ZN7arduino6String6concatERKS0_
                0x0000000000004034        0xc /home/arduino/ArduinoApps/blink-led-corrected/.cache/sketch/core/core.a(String.cpp.o)
                0x0000000000004034                arduino::String::concat(arduino::String const&)
 .text._ZN7arduino6String6concatEc
                0x0000000000004040       0x1c /home/arduino/ArduinoApps/blink-led-corrected/.cache/sketch/core/core.a(String.cpp.o)
                0x0000000000004040                arduino::String::concat(char)
 .text._ZNK7arduino6String9compareToERKS0_
                0x000000000000405c       0x30 /home/arduino/ArduinoApps/blink-led-corrected/.cache/sketch/core/core.a(String.cpp.o)
                0x000000000000405c                arduino::String::compareTo(arduino::String const&) const
 .text._ZNK7arduino6String6equalsERKS0_
                0x000000000000408c       0x20 /home/arduino/ArduinoApps/blink-led-corrected/.cache/sketch/core/core.a(String.cpp.o)
                0x000000000000408c                arduino::String::equals(arduino::String const&) const
 .text._ZNK7arduino6String6equalsEPKc
                0x00000000000040ac       0x28 /home/arduino/ArduinoApps/blink-led-corrected/.cache/sketch/core/core.a(String.cpp.o)
                0x00000000000040ac                arduino::String::equals(char const*) const
 .text.ltoa     0x00000000000040d4       0x80 /home/arduino/ArduinoApps/blink-led-corrected/.cache/sketch/core/core.a(itoa.cpp.o)
                0x00000000000040d4                ltoa
 .text.itoa     0x0000000000004154        0x8 /home/arduino/ArduinoApps/blink-led-corrected/.cache/sketch/core/core.a(itoa.cpp.o)
                0x0000000000004154                itoa
 .text.initVariant
                0x000000000000415c        0x2 /home/arduino/ArduinoApps/blink-led-corrected/.cache/sketch/core/core.a(main.cpp.o)
                0x000000000000415c                initVariant
 *fill*         0x000000000000415e        0x2 
 .text.main     0x0000000000004160       0x2c /home/arduino/ArduinoApps/blink-led-corrected/.cache/sketch/core/core.a(main.cpp.o)
                0x0000000000004160                main
 .text._ZL10new_helperj
                0x000000000000418c       0x10 /home/arduino/ArduinoApps/blink-led-corrected/.cache/sketch/core/core.a(new.cpp.o)
 .text._Znwj    0x000000000000419c        0x8 /home/arduino/ArduinoApps/blink-led-corrected/.cache/sketch/core/core.a(new.cpp.o)
                0x000000000000419c                operator new(unsigned int)
 .text._ZnwjPv  0x00000000000041a4        0x4 /home/arduino/ArduinoApps/blink-led-corrected/.cache/sketch/core/core.a(new.cpp.o)
                0x00000000000041a4                operator new(unsigned int, void*)
 .text._ZdlPvj  0x00000000000041a8        0x8 /home/arduino/ArduinoApps/blink-led-corrected/.cache/sketch/core/core.a(new.cpp.o)
                0x00000000000041a8                operator delete(void*, unsigned int)
 .text._Z20start_static_threadsv
                0x00000000000041b0       0x6c /home/arduino/ArduinoApps/blink-led-corrected/.cache/sketch/core/core.a(threads.cpp.o)
                0x00000000000041b0                start_static_threads()
 .text.gpio_pin_set_dt.isra.0
                0x000000000000421c       0x28 /home/arduino/ArduinoApps/blink-led-corrected/.cache/sketch/core/core.a(zephyrCommon.cpp.o)
 .text.gpio_pin_configure_dt.isra.0
                0x0000000000004244       0x2a /home/arduino/ArduinoApps/blink-led-corrected/.cache/sketch/core/core.a(zephyrCommon.cpp.o)
 *fill*         0x000000000000426e        0x2 
 .text.yield    0x0000000000004270        0x8 /home/arduino/ArduinoApps/blink-led-corrected/.cache/sketch/core/core.a(zephyrCommon.cpp.o)
                0x0000000000004270                yield
 .text.pinMode  0x0000000000004278       0x3c /home/arduino/ArduinoApps/blink-led-corrected/.cache/sketch/core/core.a(zephyrCommon.cpp.o)
                0x0000000000004278                pinMode
 .text.digitalWrite
                0x00000000000042b4       0x14 /home/arduino/ArduinoApps/blink-led-corrected/.cache/sketch/core/core.a(zephyrCommon.cpp.o)
                0x00000000000042b4                digitalWrite
 .text.millis   0x00000000000042c8       0x18 /home/arduino/ArduinoApps/blink-led-corrected/.cache/sketch/core/core.a(zephyrCommon.cpp.o)
                0x00000000000042c8                millis
 .text.z_impl_uart_irq_tx_enable
                0x00000000000042e0        0xa /home/arduino/ArduinoApps/blink-led-corrected/.cache/sketch/core/core.a(zephyrSerial.cpp.o)
 .text._ZN7arduino12ZephyrSerial5beginEm
                0x00000000000042ea        0xa /home/arduino/ArduinoApps/blink-led-corrected/.cache/sketch/core/core.a(zephyrSerial.cpp.o)
                0x00000000000042ea                arduino::ZephyrSerial::begin(unsigned long)
 .text._ZN7arduino12ZephyrSerial3endEv
                0x00000000000042f4        0x2 /home/arduino/ArduinoApps/blink-led-corrected/.cache/sketch/core/core.a(zephyrSerial.cpp.o)
                0x00000000000042f4                arduino::ZephyrSerial::end()
 .text._ZN7arduino12ZephyrSerial5writeEh
                0x00000000000042f6       0x18 /home/arduino/ArduinoApps/blink-led-corrected/.cache/sketch/core/core.a(zephyrSerial.cpp.o)
                0x00000000000042f6                arduino::ZephyrSerial::write(unsigned char)
 .text._ZN7arduino12ZephyrSerialcvbEv
                0x000000000000430e        0x4 /home/arduino/ArduinoApps/blink-led-corrected/.cache/sketch/core/core.a(zephyrSerial.cpp.o)
                0x000000000000430e                arduino::ZephyrSerial::operator bool()
 *fill*         0x0000000000004312        0x2 
 .text.k_sem_give
                0x0000000000004314        0x8 /home/arduino/ArduinoApps/blink-led-corrected/.cache/sketch/core/core.a(zephyrSerial.cpp.o)
 .text.k_sem_take.isra.0
                0x000000000000431c        0x8 /home/arduino/ArduinoApps/blink-led-corrected/.cache/sketch/core/core.a(zephyrSerial.cpp.o)
 .text._ZN7arduino12ZephyrSerial4readEv
                0x0000000000004324       0x48 /home/arduino/ArduinoApps/blink-led-corrected/.cache/sketch/core/core.a(zephyrSerial.cpp.o)
                0x0000000000004324                arduino::ZephyrSerial::read()
 .text._ZN7arduino12ZephyrSerial4peekEv
                0x000000000000436c       0x48 /home/arduino/ArduinoApps/blink-led-corrected/.cache/sketch/core/core.a(zephyrSerial.cpp.o)
                0x000000000000436c                arduino::ZephyrSerial::peek()
 .text._ZN7arduino12ZephyrSerial17availableForWriteEv
                0x00000000000043b4       0x3c /home/arduino/ArduinoApps/blink-led-corrected/.cache/sketch/core/core.a(zephyrSerial.cpp.o)
                0x00000000000043b4                arduino::ZephyrSerial::availableForWrite()
 .text._ZN7arduino12ZephyrSerial9availableEv
                0x00000000000043f0       0x34 /home/arduino/ArduinoApps/blink-led-corrected/.cache/sketch/core/core.a(zephyrSerial.cpp.o)
                0x00000000000043f0                arduino::ZephyrSerial::available()
 .text._ZN7arduino12ZephyrSerial5beginEmt
                0x0000000000004424       0xb8 /home/arduino/ArduinoApps/blink-led-corrected/.cache/sketch/core/core.a(zephyrSerial.cpp.o)
                0x0000000000004424                arduino::ZephyrSerial::begin(unsigned long, unsigned short)
 .text._ZN7arduino12ZephyrSerial5flushEv
                0x00000000000044dc       0x2c /home/arduino/ArduinoApps/blink-led-corrected/.cache/sketch/core/core.a(zephyrSerial.cpp.o)
                0x00000000000044dc                arduino::ZephyrSerial::flush()
 .text._ZN7arduino12ZephyrSerial5writeEPKhj
                0x0000000000004508       0x70 /home/arduino/ArduinoApps/blink-led-corrected/.cache/sketch/core/core.a(zephyrSerial.cpp.o)
                0x0000000000004508                arduino::ZephyrSerial::write(unsigned char const*, unsigned int)
 .text._ZN7arduino12ZephyrSerial10IrqHandlerEv
                0x0000000000004578       0xec /home/arduino/ArduinoApps/blink-led-corrected/.cache/sketch/core/core.a(zephyrSerial.cpp.o)
                0x0000000000004578                arduino::ZephyrSerial::IrqHandler()
 .text._ZN7arduino12ZephyrSerial11IrqDispatchEPK6devicePv
                0x0000000000004664        0xc /home/arduino/ArduinoApps/blink-led-corrected/.cache/sketch/core/core.a(zephyrSerial.cpp.o)
                0x0000000000004664                arduino::ZephyrSerial::IrqDispatch(device const*, void*)
 .text._ZN7arduino12ZephyrSerial18ZephyrSerialBufferILi64EEC2Ev
                0x0000000000004670       0x28 /home/arduino/ArduinoApps/blink-led-corrected/.cache/sketch/core/core.a(zephyrSerial.cpp.o)
                0x0000000000004670                arduino::ZephyrSerial::ZephyrSerialBuffer<64>::ZephyrSerialBuffer()
                0x0000000000004670                arduino::ZephyrSerial::ZephyrSerialBuffer<64>::ZephyrSerialBuffer()
 .text._GLOBAL__sub_I__ZN7arduino12ZephyrSerial5beginEmt
                0x0000000000004698       0x5c /home/arduino/ArduinoApps/blink-led-corrected/.cache/sketch/core/core.a(zephyrSerial.cpp.o)
 *(.text.*)
 *(.text._*)
 *(.init)
 *(.ctors)
 *(.dtors)
 *(.fini)

.static_thread_data_area
                0x00000000000046f4        0x0
                0x00000000000046f4                __static_thread_data_list_start = .
 *(.static_thread_data_area SORT_BY_NAME(.__static_thread_data.*))
                0x00000000000046f4                __static_thread_data_list_end = .

.rodata         0x00000000000046f4      0x4b4
 *(.rodata)
 *(.rodata1)
 *(.rodata.*)
 .rodata._ZN8RpcErrorC2Ev.str1.1
                0x00000000000046f4        0x1 /home/arduino/ArduinoApps/blink-led-corrected/.cache/sketch/sketch/sketch.ino.cpp.o
 .rodata._ZNSt6vectorIjSaIjEE17_M_realloc_insertIJRjEEEvN9__gnu_cxx17__normal_iteratorIPjS1_EEDpOT_.str1.1
                0x00000000000046f5       0x1a /home/arduino/ArduinoApps/blink-led-corrected/.cache/sketch/sketch/sketch.ino.cpp.o
 .rodata._ZN18RpcFunctionWrapperISt8functionIFvbEEEclERN7arduino7msgpack8UnpackerERNS5_6PackerE.str1.1
                0x000000000000470f       0xa6 /home/arduino/ArduinoApps/blink-led-corrected/.cache/sketch/sketch/sketch.ino.cpp.o
 .rodata._ZN10RpcDecoderILj1024EE12get_responseIN7arduino7msgpack6object5nil_tEEEbjRT_R8RpcError.str1.1
                0x00000000000047b5       0x7b /home/arduino/ArduinoApps/blink-led-corrected/.cache/sketch/sketch/sketch.ino.cpp.o
 .rodata._ZN7arduino7msgpack6object3extC2EaPKhj.str1.1
                0x0000000000004830       0x28 /home/arduino/ArduinoApps/blink-led-corrected/.cache/sketch/sketch/sketch.ino.cpp.o
 .rodata._ZN11BridgeClass11update_safeEv.str1.1
                0x0000000000004858        0x9 /home/arduino/ArduinoApps/blink-led-corrected/.cache/sketch/sketch/sketch.ino.cpp.o
 .rodata.setup.str1.1
                0x0000000000004861       0x21 /home/arduino/ArduinoApps/blink-led-corrected/.cache/sketch/sketch/sketch.ino.cpp.o
 .rodata._ZN13BridgeMonitorILj512EE5writeEPKhj.str1.1
                0x0000000000004882        0xa /home/arduino/ArduinoApps/blink-led-corrected/.cache/sketch/sketch/sketch.ino.cpp.o
 .rodata._ZN13BridgeMonitorILj512EE5_readEj.str1.1
                0x000000000000488c        0x9 /home/arduino/ArduinoApps/blink-led-corrected/.cache/sketch/sketch/sketch.ino.cpp.o
 *fill*         0x0000000000004895        0x3 
 .rodata._ZTV15SerialTransport
                0x0000000000004898       0x20 /home/arduino/ArduinoApps/blink-led-corrected/.cache/sketch/sketch/sketch.ino.cpp.o
                0x0000000000004898                vtable for SerialTransport
 .rodata._ZTV13BridgeMonitorILj512EE
                0x00000000000048b8       0x24 /home/arduino/ArduinoApps/blink-led-corrected/.cache/sketch/sketch/sketch.ino.cpp.o
                0x00000000000048b8                vtable for BridgeMonitor<512u>
 .rodata._ZTV18RpcFunctionWrapperISt8functionIFvbEEE
                0x00000000000048dc       0x14 /home/arduino/ArduinoApps/blink-led-corrected/.cache/sketch/sketch/sketch.ino.cpp.o
                0x00000000000048dc                vtable for RpcFunctionWrapper<std::function<void (bool)> >
 .rodata.str1.1
                0x00000000000048f0       0x51 /home/arduino/ArduinoApps/blink-led-corrected/.cache/sketch/core/core.a(main.cpp.o)
 *fill*         0x0000000000004941        0x3 
 .rodata._ZL12arduino_pins
                0x0000000000004944      0x230 /home/arduino/ArduinoApps/blink-led-corrected/.cache/sketch/core/core.a(zephyrCommon.cpp.o)
 .rodata._ZTVN7arduino12ZephyrSerialE
                0x0000000000004b74       0x34 /home/arduino/ArduinoApps/blink-led-corrected/.cache/sketch/core/core.a(zephyrSerial.cpp.o)
                0x0000000000004b74                vtable for arduino::ZephyrSerial

.data
 *(.data .data.*)

.bss            0x0000000000004ba8     0x1244
 *(.bss .bss.* COMMON)
 .bss._ZN17RpcDecoderManagerILj3EE14decoders_countE
                0x0000000000004ba8        0x4 /home/arduino/ArduinoApps/blink-led-corrected/.cache/sketch/sketch/sketch.ino.cpp.o
                0x0000000000004ba8                RpcDecoderManager<3u>::decoders_count
 .bss._ZGVN17RpcDecoderManagerILj3EE9decoders_E
                0x0000000000004bac        0x4 /home/arduino/ArduinoApps/blink-led-corrected/.cache/sketch/sketch/sketch.ino.cpp.o
                0x0000000000004bac                guard variable for RpcDecoderManager<3u>::decoders_
 .bss._ZN17RpcDecoderManagerILj3EE9decoders_E
                0x0000000000004bb0      0xc60 /home/arduino/ArduinoApps/blink-led-corrected/.cache/sketch/sketch/sketch.ino.cpp.o
                0x0000000000004bb0                RpcDecoderManager<3u>::decoders_
 .bss._ZGVZN7arduino7msgpack8Unpacker10from_arrayIJRiRNS_6StringEEEEbDpOT_E2sz
                0x0000000000005810        0x4 /home/arduino/ArduinoApps/blink-led-corrected/.cache/sketch/sketch/sketch.ino.cpp.o
                0x0000000000005810                guard variable for arduino::msgpack::Unpacker::from_array<int&, arduino::String&>(int&, arduino::String&)::sz
 .bss._ZZN7arduino7msgpack8Unpacker10from_arrayIJRiRNS_6StringEEEEbDpOT_E2sz
                0x0000000000005814        0x4 /home/arduino/ArduinoApps/blink-led-corrected/.cache/sketch/sketch/sketch.ino.cpp.o
                0x0000000000005814                arduino::msgpack::Unpacker::from_array<int&, arduino::String&>(int&, arduino::String&)::sz
 .bss._ZN12RouterBridge3HCIE
                0x0000000000005818       0x28 /home/arduino/ArduinoApps/blink-led-corrected/.cache/sketch/sketch/sketch.ino.cpp.o
                0x0000000000005818                RouterBridge::HCI
 .bss.Monitor   0x0000000000005840      0x238 /home/arduino/ArduinoApps/blink-led-corrected/.cache/sketch/sketch/sketch.ino.cpp.o
                0x0000000000005840                Monitor
 .bss.Bridge    0x0000000000005a78      0x140 /home/arduino/ArduinoApps/blink-led-corrected/.cache/sketch/sketch/sketch.ino.cpp.o
                0x0000000000005a78                Bridge
 .bss._ZZN8RpcUtils6detail12unpackObjectERN7arduino7msgpack8UnpackerEE1t
                0x0000000000005bb8       0x10 /home/arduino/ArduinoApps/blink-led-corrected/.cache/sketch/sketch/sketch.ino.cpp.o
                0x0000000000005bb8                RpcUtils::detail::unpackObject(arduino::msgpack::Unpacker&)::t
 .bss._ZGVZN8RpcUtils6detail12unpackObjectERN7arduino7msgpack8UnpackerEE1e
                0x0000000000005bc8        0x4 /home/arduino/ArduinoApps/blink-led-corrected/.cache/sketch/sketch/sketch.ino.cpp.o
                0x0000000000005bc8                guard variable for RpcUtils::detail::unpackObject(arduino::msgpack::Unpacker&)::e
 .bss._ZZN8RpcUtils6detail12unpackObjectERN7arduino7msgpack8UnpackerEE1e
                0x0000000000005bcc        0xc /home/arduino/ArduinoApps/blink-led-corrected/.cache/sketch/sketch/sketch.ino.cpp.o
                0x0000000000005bcc                RpcUtils::detail::unpackObject(arduino::msgpack::Unpacker&)::e
 .bss._ZZN8RpcUtils6detail12unpackObjectERN7arduino7msgpack8UnpackerEE6map_sz
                0x0000000000005bd8        0x4 /home/arduino/ArduinoApps/blink-led-corrected/.cache/sketch/sketch/sketch.ino.cpp.o
                0x0000000000005bd8                RpcUtils::detail::unpackObject(arduino::msgpack::Unpacker&)::map_sz
 .bss._ZZN8RpcUtils6detail12unpackObjectERN7arduino7msgpack8UnpackerEE6arr_sz
                0x0000000000005bdc        0x4 /home/arduino/ArduinoApps/blink-led-corrected/.cache/sketch/sketch/sketch.ino.cpp.o
                0x0000000000005bdc                RpcUtils::detail::unpackObject(arduino::msgpack::Unpacker&)::arr_sz
 .bss._ZGVZN8RpcUtils6detail12unpackObjectERN7arduino7msgpack8UnpackerEE5bytes
                0x0000000000005be0        0x4 /home/arduino/ArduinoApps/blink-led-corrected/.cache/sketch/sketch/sketch.ino.cpp.o
                0x0000000000005be0                guard variable for RpcUtils::detail::unpackObject(arduino::msgpack::Unpacker&)::bytes
 .bss._ZZN8RpcUtils6detail12unpackObjectERN7arduino7msgpack8UnpackerEE5bytes
                0x0000000000005be4        0xc /home/arduino/ArduinoApps/blink-led-corrected/.cache/sketch/sketch/sketch.ino.cpp.o
                0x0000000000005be4                RpcUtils::detail::unpackObject(arduino::msgpack::Unpacker&)::bytes
 .bss._ZGVZN8RpcUtils6detail12unpackObjectERN7arduino7msgpack8UnpackerEE6string
                0x0000000000005bf0        0x4 /home/arduino/ArduinoApps/blink-led-corrected/.cache/sketch/sketch/sketch.ino.cpp.o
                0x0000000000005bf0                guard variable for RpcUtils::detail::unpackObject(arduino::msgpack::Unpacker&)::string
 .bss._ZZN8RpcUtils6detail12unpackObjectERN7arduino7msgpack8UnpackerEE6string
                0x0000000000005bf4        0xc /home/arduino/ArduinoApps/blink-led-corrected/.cache/sketch/sketch/sketch.ino.cpp.o
                0x0000000000005bf4                RpcUtils::detail::unpackObject(arduino::msgpack::Unpacker&)::string
 .bss._ZZN8RpcUtils6detail12unpackObjectERN7arduino7msgpack8UnpackerEE5num64
                0x0000000000005c00        0x8 /home/arduino/ArduinoApps/blink-led-corrected/.cache/sketch/sketch/sketch.ino.cpp.o
                0x0000000000005c00                RpcUtils::detail::unpackObject(arduino::msgpack::Unpacker&)::num64
 .bss._ZZN8RpcUtils6detail12unpackObjectERN7arduino7msgpack8UnpackerEE5num32
                0x0000000000005c08        0x4 /home/arduino/ArduinoApps/blink-led-corrected/.cache/sketch/sketch/sketch.ino.cpp.o
                0x0000000000005c08                RpcUtils::detail::unpackObject(arduino::msgpack::Unpacker&)::num32
 .bss._ZZN8RpcUtils6detail12unpackObjectERN7arduino7msgpack8UnpackerEE7integer
                0x0000000000005c0c        0x4 /home/arduino/ArduinoApps/blink-led-corrected/.cache/sketch/sketch/sketch.ino.cpp.o
                0x0000000000005c0c                RpcUtils::detail::unpackObject(arduino::msgpack::Unpacker&)::integer
 .bss._ZZN8RpcUtils6detail12unpackObjectERN7arduino7msgpack8UnpackerEE1b
                0x0000000000005c10        0x1 /home/arduino/ArduinoApps/blink-led-corrected/.cache/sketch/sketch/sketch.ino.cpp.o
                0x0000000000005c10                RpcUtils::detail::unpackObject(arduino::msgpack::Unpacker&)::b
 .bss._ZZN8RpcUtils6detail12unpackObjectERN7arduino7msgpack8UnpackerEE3nil
                0x0000000000005c11        0x1 /home/arduino/ArduinoApps/blink-led-corrected/.cache/sketch/sketch/sketch.ino.cpp.o
                0x0000000000005c11                RpcUtils::detail::unpackObject(arduino::msgpack::Unpacker&)::nil
 *fill*         0x0000000000005c12        0x2 
 .bss.Serial1   0x0000000000005c14       0xec /home/arduino/ArduinoApps/blink-led-corrected/.cache/sketch/core/core.a(zephyrSerial.cpp.o)
                0x0000000000005c14                Serial1
 .bss.Serial    0x0000000000005d00       0xec /home/arduino/ArduinoApps/blink-led-corrected/.cache/sketch/core/core.a(zephyrSerial.cpp.o)
                0x0000000000005d00                Serial
 *(.noinit .noinit.*)

.exported_sym   0x0000000000005dec        0x8
 *(.exported_sym)
 .exported_sym  0x0000000000005dec        0x8 /home/arduino/ArduinoApps/blink-led-corrected/.cache/sketch/core/core.a(main.cpp.o)
 *(.exported_sym.*)

.init_array     0x0000000000005df4        0x8
 *(.init_array)
 .init_array    0x0000000000005df4        0x4 /home/arduino/ArduinoApps/blink-led-corrected/.cache/sketch/sketch/sketch.ino.cpp.o
 .init_array    0x0000000000005df8        0x4 /home/arduino/ArduinoApps/blink-led-corrected/.cache/sketch/core/core.a(zephyrSerial.cpp.o)

.fini_array     0x0000000000005dfc        0x4
 *(.fini_array)
 .fini_array    0x0000000000005dfc        0x4 /home/arduino/ArduinoApps/blink-led-corrected/.cache/sketch/sketch/sketch.ino.cpp.o

.symtab
 *(.symtab)

.strtab
 *(.strtab)

.shstrtab
 *(.shstrtab)

.rel
 *(.rel .rel.*)

.got
 *(.got .got.* .got.plt .got.plt*)
OUTPUT(/home/arduino/ArduinoApps/blink-led-corrected/.cache/sketch/sketch.ino_debug.elf elf32-littlearm)
LOAD linker stubs

.debug_info     0x0000000000000000    0x4296c
 .debug_info    0x0000000000000000    0x2fb62 /home/arduino/ArduinoApps/blink-led-corrected/.cache/sketch/sketch/sketch.ino.cpp.o
 .debug_info    0x000000000002fb62      0x1de /home/arduino/ArduinoApps/blink-led-corrected/.cache/sketch/core/core.a(abi.cpp.o)
 .debug_info    0x000000000002fd40     0x1f74 /home/arduino/ArduinoApps/blink-led-corrected/.cache/sketch/core/core.a(Stream.cpp.o)
 .debug_info    0x0000000000031cb4     0x3e0c /home/arduino/ArduinoApps/blink-led-corrected/.cache/sketch/core/core.a(String.cpp.o)
 .debug_info    0x0000000000035ac0      0x3de /home/arduino/ArduinoApps/blink-led-corrected/.cache/sketch/core/core.a(itoa.cpp.o)
 .debug_info    0x0000000000035e9e     0x1e2b /home/arduino/ArduinoApps/blink-led-corrected/.cache/sketch/core/core.a(main.cpp.o)
 .debug_info    0x0000000000037cc9      0x7af /home/arduino/ArduinoApps/blink-led-corrected/.cache/sketch/core/core.a(new.cpp.o)
 .debug_info    0x0000000000038478     0x1f28 /home/arduino/ArduinoApps/blink-led-corrected/.cache/sketch/core/core.a(threads.cpp.o)
 .debug_info    0x000000000003a3a0     0x4c53 /home/arduino/ArduinoApps/blink-led-corrected/.cache/sketch/core/core.a(zephyrCommon.cpp.o)
 .debug_info    0x000000000003eff3     0x3979 /home/arduino/ArduinoApps/blink-led-corrected/.cache/sketch/core/core.a(zephyrSerial.cpp.o)

.debug_abbrev   0x0000000000000000     0x429b
 .debug_abbrev  0x0000000000000000     0x1595 /home/arduino/ArduinoApps/blink-led-corrected/.cache/sketch/sketch/sketch.ino.cpp.o
 .debug_abbrev  0x0000000000001595      0x154 /home/arduino/ArduinoApps/blink-led-corrected/.cache/sketch/core/core.a(abi.cpp.o)
 .debug_abbrev  0x00000000000016e9      0x500 /home/arduino/ArduinoApps/blink-led-corrected/.cache/sketch/core/core.a(Stream.cpp.o)
 .debug_abbrev  0x0000000000001be9      0x5d4 /home/arduino/ArduinoApps/blink-led-corrected/.cache/sketch/core/core.a(String.cpp.o)
 .debug_abbrev  0x00000000000021bd      0x128 /home/arduino/ArduinoApps/blink-led-corrected/.cache/sketch/core/core.a(itoa.cpp.o)
 .debug_abbrev  0x00000000000022e5      0x538 /home/arduino/ArduinoApps/blink-led-corrected/.cache/sketch/core/core.a(main.cpp.o)
 .debug_abbrev  0x000000000000281d      0x234 /home/arduino/ArduinoApps/blink-led-corrected/.cache/sketch/core/core.a(new.cpp.o)
 .debug_abbrev  0x0000000000002a51      0x4c4 /home/arduino/ArduinoApps/blink-led-corrected/.cache/sketch/core/core.a(threads.cpp.o)
 .debug_abbrev  0x0000000000002f15      0xa59 /home/arduino/ArduinoApps/blink-led-corrected/.cache/sketch/core/core.a(zephyrCommon.cpp.o)
 .debug_abbrev  0x000000000000396e      0x92d /home/arduino/ArduinoApps/blink-led-corrected/.cache/sketch/core/core.a(zephyrSerial.cpp.o)

.debug_loclists
                0x0000000000000000     0xd96c
 .debug_loclists
                0x0000000000000000     0x98f3 /home/arduino/ArduinoApps/blink-led-corrected/.cache/sketch/sketch/sketch.ino.cpp.o
 .debug_loclists
                0x00000000000098f3       0x88 /home/arduino/ArduinoApps/blink-led-corrected/.cache/sketch/core/core.a(abi.cpp.o)
 .debug_loclists
                0x000000000000997b      0x883 /home/arduino/ArduinoApps/blink-led-corrected/.cache/sketch/core/core.a(Stream.cpp.o)
 .debug_loclists
                0x000000000000a1fe     0x1943 /home/arduino/ArduinoApps/blink-led-corrected/.cache/sketch/core/core.a(String.cpp.o)
 .debug_loclists
                0x000000000000bb41      0x3e1 /home/arduino/ArduinoApps/blink-led-corrected/.cache/sketch/core/core.a(itoa.cpp.o)
 .debug_loclists
                0x000000000000bf22       0x72 /home/arduino/ArduinoApps/blink-led-corrected/.cache/sketch/core/core.a(main.cpp.o)
 .debug_loclists
                0x000000000000bf94      0x2bc /home/arduino/ArduinoApps/blink-led-corrected/.cache/sketch/core/core.a(new.cpp.o)
 .debug_loclists
                0x000000000000c250       0xb3 /home/arduino/ArduinoApps/blink-led-corrected/.cache/sketch/core/core.a(threads.cpp.o)
 .debug_loclists
                0x000000000000c303      0xedd /home/arduino/ArduinoApps/blink-led-corrected/.cache/sketch/core/core.a(zephyrCommon.cpp.o)
 .debug_loclists
                0x000000000000d1e0      0x78c /home/arduino/ArduinoApps/blink-led-corrected/.cache/sketch/core/core.a(zephyrSerial.cpp.o)

.debug_aranges  0x0000000000000000      0xb58
 .debug_aranges
                0x0000000000000000      0x4a0 /home/arduino/ArduinoApps/blink-led-corrected/.cache/sketch/sketch/sketch.ino.cpp.o
 .debug_aranges
                0x00000000000004a0       0x58 /home/arduino/ArduinoApps/blink-led-corrected/.cache/sketch/core/core.a(abi.cpp.o)
 .debug_aranges
                0x00000000000004f8       0x90 /home/arduino/ArduinoApps/blink-led-corrected/.cache/sketch/core/core.a(Stream.cpp.o)
 .debug_aranges
                0x0000000000000588      0x298 /home/arduino/ArduinoApps/blink-led-corrected/.cache/sketch/core/core.a(String.cpp.o)
 .debug_aranges
                0x0000000000000820       0x40 /home/arduino/ArduinoApps/blink-led-corrected/.cache/sketch/core/core.a(itoa.cpp.o)
 .debug_aranges
                0x0000000000000860       0x38 /home/arduino/ArduinoApps/blink-led-corrected/.cache/sketch/core/core.a(main.cpp.o)
 .debug_aranges
                0x0000000000000898       0xb0 /home/arduino/ArduinoApps/blink-led-corrected/.cache/sketch/core/core.a(new.cpp.o)
 .debug_aranges
                0x0000000000000948       0x20 /home/arduino/ArduinoApps/blink-led-corrected/.cache/sketch/core/core.a(threads.cpp.o)
 .debug_aranges
                0x0000000000000968      0x130 /home/arduino/ArduinoApps/blink-led-corrected/.cache/sketch/core/core.a(zephyrCommon.cpp.o)
 .debug_aranges
                0x0000000000000a98       0xc0 /home/arduino/ArduinoApps/blink-led-corrected/.cache/sketch/core/core.a(zephyrSerial.cpp.o)

.debug_rnglists
                0x0000000000000000     0x201c
 .debug_rnglists
                0x0000000000000000     0x15c1 /home/arduino/ArduinoApps/blink-led-corrected/.cache/sketch/sketch/sketch.ino.cpp.o
 .debug_rnglists
                0x00000000000015c1       0x3d /home/arduino/ArduinoApps/blink-led-corrected/.cache/sketch/core/core.a(abi.cpp.o)
 .debug_rnglists
                0x00000000000015fe      0x103 /home/arduino/ArduinoApps/blink-led-corrected/.cache/sketch/core/core.a(Stream.cpp.o)
 .debug_rnglists
                0x0000000000001701      0x375 /home/arduino/ArduinoApps/blink-led-corrected/.cache/sketch/core/core.a(String.cpp.o)
 .debug_rnglists
                0x0000000000001a76       0x2c /home/arduino/ArduinoApps/blink-led-corrected/.cache/sketch/core/core.a(itoa.cpp.o)
 .debug_rnglists
                0x0000000000001aa2       0x33 /home/arduino/ArduinoApps/blink-led-corrected/.cache/sketch/core/core.a(main.cpp.o)
 .debug_rnglists
                0x0000000000001ad5       0x7f /home/arduino/ArduinoApps/blink-led-corrected/.cache/sketch/core/core.a(new.cpp.o)
 .debug_rnglists
                0x0000000000001b54       0x3a /home/arduino/ArduinoApps/blink-led-corrected/.cache/sketch/core/core.a(threads.cpp.o)
 .debug_rnglists
                0x0000000000001b8e      0x2cc /home/arduino/ArduinoApps/blink-led-corrected/.cache/sketch/core/core.a(zephyrCommon.cpp.o)
 .debug_rnglists
                0x0000000000001e5a      0x1c2 /home/arduino/ArduinoApps/blink-led-corrected/.cache/sketch/core/core.a(zephyrSerial.cpp.o)

.debug_line     0x0000000000000000     0xe23c
 .debug_line    0x0000000000000000     0x7fb4 /home/arduino/ArduinoApps/blink-led-corrected/.cache/sketch/sketch/sketch.ino.cpp.o
 .debug_line    0x0000000000007fb4      0x138 /home/arduino/ArduinoApps/blink-led-corrected/.cache/sketch/core/core.a(abi.cpp.o)
 .debug_line    0x00000000000080ec      0x8d4 /home/arduino/ArduinoApps/blink-led-corrected/.cache/sketch/core/core.a(Stream.cpp.o)
 .debug_line    0x00000000000089c0     0x1a12 /home/arduino/ArduinoApps/blink-led-corrected/.cache/sketch/core/core.a(String.cpp.o)
 .debug_line    0x000000000000a3d2      0x32d /home/arduino/ArduinoApps/blink-led-corrected/.cache/sketch/core/core.a(itoa.cpp.o)
 .debug_line    0x000000000000a6ff      0x83b /home/arduino/ArduinoApps/blink-led-corrected/.cache/sketch/core/core.a(main.cpp.o)
 .debug_line    0x000000000000af3a      0x36b /home/arduino/ArduinoApps/blink-led-corrected/.cache/sketch/core/core.a(new.cpp.o)
 .debug_line    0x000000000000b2a5      0x860 /home/arduino/ArduinoApps/blink-led-corrected/.cache/sketch/core/core.a(threads.cpp.o)
 .debug_line    0x000000000000bb05     0x17b8 /home/arduino/ArduinoApps/blink-led-corrected/.cache/sketch/core/core.a(zephyrCommon.cpp.o)
 .debug_line    0x000000000000d2bd      0xf7f /home/arduino/ArduinoApps/blink-led-corrected/.cache/sketch/core/core.a(zephyrSerial.cpp.o)

.debug_str      0x0000000000000000    0x2e618
 .debug_str     0x0000000000000000    0x21518 /home/arduino/ArduinoApps/blink-led-corrected/.cache/sketch/sketch/sketch.ino.cpp.o
 .debug_str     0x0000000000021518      0x40d /home/arduino/ArduinoApps/blink-led-corrected/.cache/sketch/core/core.a(abi.cpp.o)
 .debug_str     0x0000000000021925     0x167e /home/arduino/ArduinoApps/blink-led-corrected/.cache/sketch/core/core.a(Stream.cpp.o)
 .debug_str     0x0000000000022fa3     0x1828 /home/arduino/ArduinoApps/blink-led-corrected/.cache/sketch/core/core.a(String.cpp.o)
 .debug_str     0x00000000000247cb      0x37a /home/arduino/ArduinoApps/blink-led-corrected/.cache/sketch/core/core.a(itoa.cpp.o)
 .debug_str     0x0000000000024b45     0x1fdf /home/arduino/ArduinoApps/blink-led-corrected/.cache/sketch/core/core.a(main.cpp.o)
 .debug_str     0x0000000000026b24      0x4d7 /home/arduino/ArduinoApps/blink-led-corrected/.cache/sketch/core/core.a(new.cpp.o)
 .debug_str     0x0000000000026ffb     0x1bdf /home/arduino/ArduinoApps/blink-led-corrected/.cache/sketch/core/core.a(threads.cpp.o)
 .debug_str     0x0000000000028bda     0x2fa4 /home/arduino/ArduinoApps/blink-led-corrected/.cache/sketch/core/core.a(zephyrCommon.cpp.o)
 .debug_str     0x000000000002bb7e     0x2a9a /home/arduino/ArduinoApps/blink-led-corrected/.cache/sketch/core/core.a(zephyrSerial.cpp.o)

.debug_frame    0x0000000000000000     0x23dc
 .debug_frame   0x0000000000000000     0x1134 /home/arduino/ArduinoApps/blink-led-corrected/.cache/sketch/sketch/sketch.ino.cpp.o
 .debug_frame   0x0000000000001134       0x90 /home/arduino/ArduinoApps/blink-led-corrected/.cache/sketch/core/core.a(abi.cpp.o)
 .debug_frame   0x00000000000011c4      0x1fc /home/arduino/ArduinoApps/blink-led-corrected/.cache/sketch/core/core.a(Stream.cpp.o)
 .debug_frame   0x00000000000013c0      0x7e8 /home/arduino/ArduinoApps/blink-led-corrected/.cache/sketch/core/core.a(String.cpp.o)
 .debug_frame   0x0000000000001ba8       0xa0 /home/arduino/ArduinoApps/blink-led-corrected/.cache/sketch/core/core.a(itoa.cpp.o)
 .debug_frame   0x0000000000001c48       0x68 /home/arduino/ArduinoApps/blink-led-corrected/.cache/sketch/core/core.a(main.cpp.o)
 .debug_frame   0x0000000000001cb0      0x140 /home/arduino/ArduinoApps/blink-led-corrected/.cache/sketch/core/core.a(new.cpp.o)
 .debug_frame   0x0000000000001df0       0x40 /home/arduino/ArduinoApps/blink-led-corrected/.cache/sketch/core/core.a(threads.cpp.o)
 .debug_frame   0x0000000000001e30      0x39c /home/arduino/ArduinoApps/blink-led-corrected/.cache/sketch/core/core.a(zephyrCommon.cpp.o)
 .debug_frame   0x00000000000021cc      0x210 /home/arduino/ArduinoApps/blink-led-corrected/.cache/sketch/core/core.a(zephyrSerial.cpp.o)
